TimeQuest Timing Analyzer report for DSD_matriz
Tue Oct 09 17:30:28 2018
Quartus II 64-Bit Version 13.0.1 Build 232 06/12/2013 Service Pack 1 SJ Web Edition


---------------------
; Table of Contents ;
---------------------
  1. Legal Notice
  2. TimeQuest Timing Analyzer Summary
  3. Parallel Compilation
  4. Clocks
  5. Fmax Summary
  6. Setup Summary
  7. Hold Summary
  8. Recovery Summary
  9. Removal Summary
 10. Minimum Pulse Width Summary
 11. Setup: 'divi[15]'
 12. Setup: 'reloj'
 13. Hold: 'reloj'
 14. Hold: 'divi[15]'
 15. Minimum Pulse Width: 'reloj'
 16. Minimum Pulse Width: 'divi[15]'
 17. Setup Times
 18. Hold Times
 19. Clock to Output Times
 20. Minimum Clock to Output Times
 21. Setup Transfers
 22. Hold Transfers
 23. Report TCCS
 24. Report RSKM
 25. Unconstrained Paths
 26. TimeQuest Timing Analyzer Messages



----------------
; Legal Notice ;
----------------
Copyright (C) 1991-2013 Altera Corporation
Your use of Altera Corporation's design tools, logic functions 
and other software and tools, and its AMPP partner logic 
functions, and any output files from any of the foregoing 
(including device programming or simulation files), and any 
associated documentation or information are expressly subject 
to the terms and conditions of the Altera Program License 
Subscription Agreement, Altera MegaCore Function License 
Agreement, or other applicable license agreement, including, 
without limitation, that your use is for the sole purpose of 
programming logic devices manufactured by Altera and sold by 
Altera or its authorized distributors.  Please refer to the 
applicable agreement for further details.



+----------------------------------------------------------------------------------------+
; TimeQuest Timing Analyzer Summary                                                      ;
+--------------------+-------------------------------------------------------------------+
; Quartus II Version ; Version 13.0.1 Build 232 06/12/2013 Service Pack 1 SJ Web Edition ;
; Revision Name      ; DSD_matriz                                                        ;
; Device Family      ; MAX II                                                            ;
; Device Name        ; EPM240T100C5                                                      ;
; Timing Models      ; Final                                                             ;
; Delay Model        ; Slow Model                                                        ;
; Rise/Fall Delays   ; Unavailable                                                       ;
+--------------------+-------------------------------------------------------------------+


Parallel compilation was disabled, but you have multiple processors available. Enable parallel compilation to reduce compilation time.
+-------------------------------------+
; Parallel Compilation                ;
+----------------------------+--------+
; Processors                 ; Number ;
+----------------------------+--------+
; Number detected on machine ; 4      ;
; Maximum allowed            ; 1      ;
+----------------------------+--------+


+--------------------------------------------------------------------------------------------------------------------------------------------------------------------------------------+
; Clocks                                                                                                                                                                               ;
+------------+------+--------+------------+-------+-------+------------+-----------+-------------+-------+--------+-----------+------------+----------+--------+--------+--------------+
; Clock Name ; Type ; Period ; Frequency  ; Rise  ; Fall  ; Duty Cycle ; Divide by ; Multiply by ; Phase ; Offset ; Edge List ; Edge Shift ; Inverted ; Master ; Source ; Targets      ;
+------------+------+--------+------------+-------+-------+------------+-----------+-------------+-------+--------+-----------+------------+----------+--------+--------+--------------+
; divi[15]   ; Base ; 1.000  ; 1000.0 MHz ; 0.000 ; 0.500 ;            ;           ;             ;       ;        ;           ;            ;          ;        ;        ; { divi[15] } ;
; reloj      ; Base ; 1.000  ; 1000.0 MHz ; 0.000 ; 0.500 ;            ;           ;             ;       ;        ;           ;            ;          ;        ;        ; { reloj }    ;
+------------+------+--------+------------+-------+-------+------------+-----------+-------------+-------+--------+-----------+------------+----------+--------+--------+--------------+


+--------------------------------------------------+
; Fmax Summary                                     ;
+------------+-----------------+------------+------+
; Fmax       ; Restricted Fmax ; Clock Name ; Note ;
+------------+-----------------+------------+------+
; 130.34 MHz ; 130.34 MHz      ; divi[15]   ;      ;
; 201.09 MHz ; 201.09 MHz      ; reloj      ;      ;
+------------+-----------------+------------+------+
This panel reports FMAX for every clock in the design, regardless of the user-specified clock periods.  FMAX is only computed for paths where the source and destination registers or ports are driven by the same clock.  Paths of different clocks, including generated clocks, are ignored.  For paths between a clock and its inversion, FMAX is computed as if the rising and falling edges are scaled along with FMAX, such that the duty cycle (in terms of a percentage) is maintained. Altera recommends that you always use clock constraints and other slack reports for sign-off analysis.


+-----------------------------------+
; Setup Summary                     ;
+----------+--------+---------------+
; Clock    ; Slack  ; End Point TNS ;
+----------+--------+---------------+
; divi[15] ; -6.672 ; -102.341      ;
; reloj    ; -3.973 ; -53.463       ;
+----------+--------+---------------+


+-----------------------------------+
; Hold Summary                      ;
+----------+--------+---------------+
; Clock    ; Slack  ; End Point TNS ;
+----------+--------+---------------+
; reloj    ; -1.717 ; -1.717        ;
; divi[15] ; 2.066  ; 0.000         ;
+----------+--------+---------------+


--------------------
; Recovery Summary ;
--------------------
No paths to report.


-------------------
; Removal Summary ;
-------------------
No paths to report.


+-----------------------------------+
; Minimum Pulse Width Summary       ;
+----------+--------+---------------+
; Clock    ; Slack  ; End Point TNS ;
+----------+--------+---------------+
; reloj    ; -2.289 ; -2.289        ;
; divi[15] ; 0.234  ; 0.000         ;
+----------+--------+---------------+


+---------------------------------------------------------------------------------------------------------+
; Setup: 'divi[15]'                                                                                       ;
+--------+------------+-------------+--------------+-------------+--------------+------------+------------+
; Slack  ; From Node  ; To Node     ; Launch Clock ; Latch Clock ; Relationship ; Clock Skew ; Data Delay ;
+--------+------------+-------------+--------------+-------------+--------------+------------+------------+
; -6.672 ; Q3[8]~reg0 ; Q3[10]~reg0 ; divi[15]     ; divi[15]    ; 1.000        ; 0.000      ; 7.339      ;
; -6.672 ; Q3[8]~reg0 ; Q3[9]~reg0  ; divi[15]     ; divi[15]    ; 1.000        ; 0.000      ; 7.339      ;
; -6.672 ; Q3[8]~reg0 ; Q3[8]~reg0  ; divi[15]     ; divi[15]    ; 1.000        ; 0.000      ; 7.339      ;
; -6.672 ; Q3[8]~reg0 ; Q3[7]~reg0  ; divi[15]     ; divi[15]    ; 1.000        ; 0.000      ; 7.339      ;
; -6.672 ; Q3[8]~reg0 ; Q3[6]~reg0  ; divi[15]     ; divi[15]    ; 1.000        ; 0.000      ; 7.339      ;
; -6.672 ; Q3[8]~reg0 ; Q3[5]~reg0  ; divi[15]     ; divi[15]    ; 1.000        ; 0.000      ; 7.339      ;
; -6.528 ; Q3[6]~reg0 ; Q3[10]~reg0 ; divi[15]     ; divi[15]    ; 1.000        ; 0.000      ; 7.195      ;
; -6.528 ; Q3[6]~reg0 ; Q3[9]~reg0  ; divi[15]     ; divi[15]    ; 1.000        ; 0.000      ; 7.195      ;
; -6.528 ; Q3[6]~reg0 ; Q3[8]~reg0  ; divi[15]     ; divi[15]    ; 1.000        ; 0.000      ; 7.195      ;
; -6.528 ; Q3[6]~reg0 ; Q3[7]~reg0  ; divi[15]     ; divi[15]    ; 1.000        ; 0.000      ; 7.195      ;
; -6.528 ; Q3[6]~reg0 ; Q3[6]~reg0  ; divi[15]     ; divi[15]    ; 1.000        ; 0.000      ; 7.195      ;
; -6.528 ; Q3[6]~reg0 ; Q3[5]~reg0  ; divi[15]     ; divi[15]    ; 1.000        ; 0.000      ; 7.195      ;
; -6.480 ; Q3[8]~reg0 ; Q1[1]~reg0  ; divi[15]     ; divi[15]    ; 1.000        ; 0.000      ; 7.147      ;
; -6.396 ; Q2[2]~reg0 ; Q3[10]~reg0 ; divi[15]     ; divi[15]    ; 1.000        ; 0.000      ; 7.063      ;
; -6.396 ; Q2[2]~reg0 ; Q3[9]~reg0  ; divi[15]     ; divi[15]    ; 1.000        ; 0.000      ; 7.063      ;
; -6.396 ; Q2[2]~reg0 ; Q3[8]~reg0  ; divi[15]     ; divi[15]    ; 1.000        ; 0.000      ; 7.063      ;
; -6.396 ; Q2[2]~reg0 ; Q3[7]~reg0  ; divi[15]     ; divi[15]    ; 1.000        ; 0.000      ; 7.063      ;
; -6.396 ; Q2[2]~reg0 ; Q3[6]~reg0  ; divi[15]     ; divi[15]    ; 1.000        ; 0.000      ; 7.063      ;
; -6.396 ; Q2[2]~reg0 ; Q3[5]~reg0  ; divi[15]     ; divi[15]    ; 1.000        ; 0.000      ; 7.063      ;
; -6.338 ; Q3[5]~reg0 ; Q3[10]~reg0 ; divi[15]     ; divi[15]    ; 1.000        ; 0.000      ; 7.005      ;
; -6.338 ; Q3[5]~reg0 ; Q3[9]~reg0  ; divi[15]     ; divi[15]    ; 1.000        ; 0.000      ; 7.005      ;
; -6.338 ; Q3[5]~reg0 ; Q3[8]~reg0  ; divi[15]     ; divi[15]    ; 1.000        ; 0.000      ; 7.005      ;
; -6.338 ; Q3[5]~reg0 ; Q3[7]~reg0  ; divi[15]     ; divi[15]    ; 1.000        ; 0.000      ; 7.005      ;
; -6.338 ; Q3[5]~reg0 ; Q3[6]~reg0  ; divi[15]     ; divi[15]    ; 1.000        ; 0.000      ; 7.005      ;
; -6.338 ; Q3[5]~reg0 ; Q3[5]~reg0  ; divi[15]     ; divi[15]    ; 1.000        ; 0.000      ; 7.005      ;
; -6.336 ; Q3[3]~reg0 ; Q3[10]~reg0 ; divi[15]     ; divi[15]    ; 1.000        ; 0.000      ; 7.003      ;
; -6.336 ; Q3[3]~reg0 ; Q3[9]~reg0  ; divi[15]     ; divi[15]    ; 1.000        ; 0.000      ; 7.003      ;
; -6.336 ; Q3[3]~reg0 ; Q3[8]~reg0  ; divi[15]     ; divi[15]    ; 1.000        ; 0.000      ; 7.003      ;
; -6.336 ; Q3[3]~reg0 ; Q3[7]~reg0  ; divi[15]     ; divi[15]    ; 1.000        ; 0.000      ; 7.003      ;
; -6.336 ; Q3[3]~reg0 ; Q3[6]~reg0  ; divi[15]     ; divi[15]    ; 1.000        ; 0.000      ; 7.003      ;
; -6.336 ; Q3[3]~reg0 ; Q3[5]~reg0  ; divi[15]     ; divi[15]    ; 1.000        ; 0.000      ; 7.003      ;
; -6.336 ; Q3[6]~reg0 ; Q1[1]~reg0  ; divi[15]     ; divi[15]    ; 1.000        ; 0.000      ; 7.003      ;
; -6.305 ; Q2[0]~reg0 ; Q3[10]~reg0 ; divi[15]     ; divi[15]    ; 1.000        ; 0.000      ; 6.972      ;
; -6.305 ; Q2[0]~reg0 ; Q3[9]~reg0  ; divi[15]     ; divi[15]    ; 1.000        ; 0.000      ; 6.972      ;
; -6.305 ; Q2[0]~reg0 ; Q3[8]~reg0  ; divi[15]     ; divi[15]    ; 1.000        ; 0.000      ; 6.972      ;
; -6.305 ; Q2[0]~reg0 ; Q3[7]~reg0  ; divi[15]     ; divi[15]    ; 1.000        ; 0.000      ; 6.972      ;
; -6.305 ; Q2[0]~reg0 ; Q3[6]~reg0  ; divi[15]     ; divi[15]    ; 1.000        ; 0.000      ; 6.972      ;
; -6.305 ; Q2[0]~reg0 ; Q3[5]~reg0  ; divi[15]     ; divi[15]    ; 1.000        ; 0.000      ; 6.972      ;
; -6.289 ; Q3[8]~reg0 ; Q3[4]~reg0  ; divi[15]     ; divi[15]    ; 1.000        ; 0.000      ; 6.956      ;
; -6.289 ; Q3[8]~reg0 ; Q3[3]~reg0  ; divi[15]     ; divi[15]    ; 1.000        ; 0.000      ; 6.956      ;
; -6.289 ; Q3[8]~reg0 ; Q3[2]~reg0  ; divi[15]     ; divi[15]    ; 1.000        ; 0.000      ; 6.956      ;
; -6.289 ; Q3[8]~reg0 ; Q3[1]~reg0  ; divi[15]     ; divi[15]    ; 1.000        ; 0.000      ; 6.956      ;
; -6.289 ; Q3[8]~reg0 ; Q3[0]~reg0  ; divi[15]     ; divi[15]    ; 1.000        ; 0.000      ; 6.956      ;
; -6.207 ; Q3[9]~reg0 ; Q3[10]~reg0 ; divi[15]     ; divi[15]    ; 1.000        ; 0.000      ; 6.874      ;
; -6.207 ; Q3[9]~reg0 ; Q3[9]~reg0  ; divi[15]     ; divi[15]    ; 1.000        ; 0.000      ; 6.874      ;
; -6.207 ; Q3[9]~reg0 ; Q3[8]~reg0  ; divi[15]     ; divi[15]    ; 1.000        ; 0.000      ; 6.874      ;
; -6.207 ; Q3[9]~reg0 ; Q3[7]~reg0  ; divi[15]     ; divi[15]    ; 1.000        ; 0.000      ; 6.874      ;
; -6.207 ; Q3[9]~reg0 ; Q3[6]~reg0  ; divi[15]     ; divi[15]    ; 1.000        ; 0.000      ; 6.874      ;
; -6.207 ; Q3[9]~reg0 ; Q3[5]~reg0  ; divi[15]     ; divi[15]    ; 1.000        ; 0.000      ; 6.874      ;
; -6.204 ; Q2[2]~reg0 ; Q1[1]~reg0  ; divi[15]     ; divi[15]    ; 1.000        ; 0.000      ; 6.871      ;
; -6.189 ; Q3[2]~reg0 ; Q3[10]~reg0 ; divi[15]     ; divi[15]    ; 1.000        ; 0.000      ; 6.856      ;
; -6.189 ; Q3[2]~reg0 ; Q3[9]~reg0  ; divi[15]     ; divi[15]    ; 1.000        ; 0.000      ; 6.856      ;
; -6.189 ; Q3[2]~reg0 ; Q3[8]~reg0  ; divi[15]     ; divi[15]    ; 1.000        ; 0.000      ; 6.856      ;
; -6.189 ; Q3[2]~reg0 ; Q3[7]~reg0  ; divi[15]     ; divi[15]    ; 1.000        ; 0.000      ; 6.856      ;
; -6.189 ; Q3[2]~reg0 ; Q3[6]~reg0  ; divi[15]     ; divi[15]    ; 1.000        ; 0.000      ; 6.856      ;
; -6.189 ; Q3[2]~reg0 ; Q3[5]~reg0  ; divi[15]     ; divi[15]    ; 1.000        ; 0.000      ; 6.856      ;
; -6.146 ; Q3[5]~reg0 ; Q1[1]~reg0  ; divi[15]     ; divi[15]    ; 1.000        ; 0.000      ; 6.813      ;
; -6.145 ; Q3[6]~reg0 ; Q3[4]~reg0  ; divi[15]     ; divi[15]    ; 1.000        ; 0.000      ; 6.812      ;
; -6.145 ; Q3[6]~reg0 ; Q3[3]~reg0  ; divi[15]     ; divi[15]    ; 1.000        ; 0.000      ; 6.812      ;
; -6.145 ; Q3[6]~reg0 ; Q3[2]~reg0  ; divi[15]     ; divi[15]    ; 1.000        ; 0.000      ; 6.812      ;
; -6.145 ; Q3[6]~reg0 ; Q3[1]~reg0  ; divi[15]     ; divi[15]    ; 1.000        ; 0.000      ; 6.812      ;
; -6.145 ; Q3[6]~reg0 ; Q3[0]~reg0  ; divi[15]     ; divi[15]    ; 1.000        ; 0.000      ; 6.812      ;
; -6.144 ; Q3[3]~reg0 ; Q1[1]~reg0  ; divi[15]     ; divi[15]    ; 1.000        ; 0.000      ; 6.811      ;
; -6.113 ; Q2[0]~reg0 ; Q1[1]~reg0  ; divi[15]     ; divi[15]    ; 1.000        ; 0.000      ; 6.780      ;
; -6.072 ; Q3[8]~reg0 ; Q1[0]~reg0  ; divi[15]     ; divi[15]    ; 1.000        ; 0.000      ; 6.739      ;
; -6.020 ; Q3[1]~reg0 ; Q3[10]~reg0 ; divi[15]     ; divi[15]    ; 1.000        ; 0.000      ; 6.687      ;
; -6.020 ; Q3[1]~reg0 ; Q3[9]~reg0  ; divi[15]     ; divi[15]    ; 1.000        ; 0.000      ; 6.687      ;
; -6.020 ; Q3[1]~reg0 ; Q3[8]~reg0  ; divi[15]     ; divi[15]    ; 1.000        ; 0.000      ; 6.687      ;
; -6.020 ; Q3[1]~reg0 ; Q3[7]~reg0  ; divi[15]     ; divi[15]    ; 1.000        ; 0.000      ; 6.687      ;
; -6.020 ; Q3[1]~reg0 ; Q3[6]~reg0  ; divi[15]     ; divi[15]    ; 1.000        ; 0.000      ; 6.687      ;
; -6.020 ; Q3[1]~reg0 ; Q3[5]~reg0  ; divi[15]     ; divi[15]    ; 1.000        ; 0.000      ; 6.687      ;
; -6.015 ; Q3[9]~reg0 ; Q1[1]~reg0  ; divi[15]     ; divi[15]    ; 1.000        ; 0.000      ; 6.682      ;
; -6.013 ; Q2[2]~reg0 ; Q3[4]~reg0  ; divi[15]     ; divi[15]    ; 1.000        ; 0.000      ; 6.680      ;
; -6.013 ; Q2[2]~reg0 ; Q3[3]~reg0  ; divi[15]     ; divi[15]    ; 1.000        ; 0.000      ; 6.680      ;
; -6.013 ; Q2[2]~reg0 ; Q3[2]~reg0  ; divi[15]     ; divi[15]    ; 1.000        ; 0.000      ; 6.680      ;
; -6.013 ; Q2[2]~reg0 ; Q3[1]~reg0  ; divi[15]     ; divi[15]    ; 1.000        ; 0.000      ; 6.680      ;
; -6.013 ; Q2[2]~reg0 ; Q3[0]~reg0  ; divi[15]     ; divi[15]    ; 1.000        ; 0.000      ; 6.680      ;
; -5.997 ; Q3[2]~reg0 ; Q1[1]~reg0  ; divi[15]     ; divi[15]    ; 1.000        ; 0.000      ; 6.664      ;
; -5.990 ; Q3[7]~reg0 ; Q3[10]~reg0 ; divi[15]     ; divi[15]    ; 1.000        ; 0.000      ; 6.657      ;
; -5.990 ; Q3[7]~reg0 ; Q3[9]~reg0  ; divi[15]     ; divi[15]    ; 1.000        ; 0.000      ; 6.657      ;
; -5.990 ; Q3[7]~reg0 ; Q3[8]~reg0  ; divi[15]     ; divi[15]    ; 1.000        ; 0.000      ; 6.657      ;
; -5.990 ; Q3[7]~reg0 ; Q3[7]~reg0  ; divi[15]     ; divi[15]    ; 1.000        ; 0.000      ; 6.657      ;
; -5.990 ; Q3[7]~reg0 ; Q3[6]~reg0  ; divi[15]     ; divi[15]    ; 1.000        ; 0.000      ; 6.657      ;
; -5.990 ; Q3[7]~reg0 ; Q3[5]~reg0  ; divi[15]     ; divi[15]    ; 1.000        ; 0.000      ; 6.657      ;
; -5.961 ; Q2[1]~reg0 ; Q3[10]~reg0 ; divi[15]     ; divi[15]    ; 1.000        ; 0.000      ; 6.628      ;
; -5.961 ; Q2[1]~reg0 ; Q3[9]~reg0  ; divi[15]     ; divi[15]    ; 1.000        ; 0.000      ; 6.628      ;
; -5.961 ; Q2[1]~reg0 ; Q3[8]~reg0  ; divi[15]     ; divi[15]    ; 1.000        ; 0.000      ; 6.628      ;
; -5.961 ; Q2[1]~reg0 ; Q3[7]~reg0  ; divi[15]     ; divi[15]    ; 1.000        ; 0.000      ; 6.628      ;
; -5.961 ; Q2[1]~reg0 ; Q3[6]~reg0  ; divi[15]     ; divi[15]    ; 1.000        ; 0.000      ; 6.628      ;
; -5.961 ; Q2[1]~reg0 ; Q3[5]~reg0  ; divi[15]     ; divi[15]    ; 1.000        ; 0.000      ; 6.628      ;
; -5.955 ; Q3[5]~reg0 ; Q3[4]~reg0  ; divi[15]     ; divi[15]    ; 1.000        ; 0.000      ; 6.622      ;
; -5.955 ; Q3[5]~reg0 ; Q3[3]~reg0  ; divi[15]     ; divi[15]    ; 1.000        ; 0.000      ; 6.622      ;
; -5.955 ; Q3[5]~reg0 ; Q3[2]~reg0  ; divi[15]     ; divi[15]    ; 1.000        ; 0.000      ; 6.622      ;
; -5.955 ; Q3[5]~reg0 ; Q3[1]~reg0  ; divi[15]     ; divi[15]    ; 1.000        ; 0.000      ; 6.622      ;
; -5.955 ; Q3[5]~reg0 ; Q3[0]~reg0  ; divi[15]     ; divi[15]    ; 1.000        ; 0.000      ; 6.622      ;
; -5.953 ; Q3[3]~reg0 ; Q3[4]~reg0  ; divi[15]     ; divi[15]    ; 1.000        ; 0.000      ; 6.620      ;
; -5.953 ; Q3[3]~reg0 ; Q3[3]~reg0  ; divi[15]     ; divi[15]    ; 1.000        ; 0.000      ; 6.620      ;
; -5.953 ; Q3[3]~reg0 ; Q3[2]~reg0  ; divi[15]     ; divi[15]    ; 1.000        ; 0.000      ; 6.620      ;
; -5.953 ; Q3[3]~reg0 ; Q3[1]~reg0  ; divi[15]     ; divi[15]    ; 1.000        ; 0.000      ; 6.620      ;
; -5.953 ; Q3[3]~reg0 ; Q3[0]~reg0  ; divi[15]     ; divi[15]    ; 1.000        ; 0.000      ; 6.620      ;
+--------+------------+-------------+--------------+-------------+--------------+------------+------------+


+-----------------------------------------------------------------------------------------------------+
; Setup: 'reloj'                                                                                      ;
+--------+-----------+----------+--------------+-------------+--------------+------------+------------+
; Slack  ; From Node ; To Node  ; Launch Clock ; Latch Clock ; Relationship ; Clock Skew ; Data Delay ;
+--------+-----------+----------+--------------+-------------+--------------+------------+------------+
; -3.973 ; divi[3]   ; divi[12] ; reloj        ; reloj       ; 1.000        ; 0.000      ; 4.640      ;
; -3.973 ; divi[3]   ; divi[11] ; reloj        ; reloj       ; 1.000        ; 0.000      ; 4.640      ;
; -3.973 ; divi[3]   ; divi[10] ; reloj        ; reloj       ; 1.000        ; 0.000      ; 4.640      ;
; -3.973 ; divi[3]   ; divi[9]  ; reloj        ; reloj       ; 1.000        ; 0.000      ; 4.640      ;
; -3.973 ; divi[3]   ; divi[8]  ; reloj        ; reloj       ; 1.000        ; 0.000      ; 4.640      ;
; -3.960 ; divi[3]   ; divi[15] ; reloj        ; reloj       ; 1.000        ; 0.000      ; 4.627      ;
; -3.960 ; divi[3]   ; divi[14] ; reloj        ; reloj       ; 1.000        ; 0.000      ; 4.627      ;
; -3.960 ; divi[3]   ; divi[13] ; reloj        ; reloj       ; 1.000        ; 0.000      ; 4.627      ;
; -3.851 ; divi[4]   ; divi[12] ; reloj        ; reloj       ; 1.000        ; 0.000      ; 4.518      ;
; -3.851 ; divi[4]   ; divi[11] ; reloj        ; reloj       ; 1.000        ; 0.000      ; 4.518      ;
; -3.851 ; divi[4]   ; divi[10] ; reloj        ; reloj       ; 1.000        ; 0.000      ; 4.518      ;
; -3.851 ; divi[4]   ; divi[9]  ; reloj        ; reloj       ; 1.000        ; 0.000      ; 4.518      ;
; -3.851 ; divi[4]   ; divi[8]  ; reloj        ; reloj       ; 1.000        ; 0.000      ; 4.518      ;
; -3.838 ; divi[4]   ; divi[15] ; reloj        ; reloj       ; 1.000        ; 0.000      ; 4.505      ;
; -3.838 ; divi[4]   ; divi[14] ; reloj        ; reloj       ; 1.000        ; 0.000      ; 4.505      ;
; -3.838 ; divi[4]   ; divi[13] ; reloj        ; reloj       ; 1.000        ; 0.000      ; 4.505      ;
; -3.806 ; divi[1]   ; divi[12] ; reloj        ; reloj       ; 1.000        ; 0.000      ; 4.473      ;
; -3.806 ; divi[1]   ; divi[11] ; reloj        ; reloj       ; 1.000        ; 0.000      ; 4.473      ;
; -3.806 ; divi[1]   ; divi[10] ; reloj        ; reloj       ; 1.000        ; 0.000      ; 4.473      ;
; -3.806 ; divi[1]   ; divi[9]  ; reloj        ; reloj       ; 1.000        ; 0.000      ; 4.473      ;
; -3.806 ; divi[1]   ; divi[8]  ; reloj        ; reloj       ; 1.000        ; 0.000      ; 4.473      ;
; -3.793 ; divi[1]   ; divi[15] ; reloj        ; reloj       ; 1.000        ; 0.000      ; 4.460      ;
; -3.793 ; divi[1]   ; divi[14] ; reloj        ; reloj       ; 1.000        ; 0.000      ; 4.460      ;
; -3.793 ; divi[1]   ; divi[13] ; reloj        ; reloj       ; 1.000        ; 0.000      ; 4.460      ;
; -3.654 ; divi[2]   ; divi[12] ; reloj        ; reloj       ; 1.000        ; 0.000      ; 4.321      ;
; -3.654 ; divi[2]   ; divi[11] ; reloj        ; reloj       ; 1.000        ; 0.000      ; 4.321      ;
; -3.654 ; divi[2]   ; divi[10] ; reloj        ; reloj       ; 1.000        ; 0.000      ; 4.321      ;
; -3.654 ; divi[2]   ; divi[9]  ; reloj        ; reloj       ; 1.000        ; 0.000      ; 4.321      ;
; -3.654 ; divi[2]   ; divi[8]  ; reloj        ; reloj       ; 1.000        ; 0.000      ; 4.321      ;
; -3.641 ; divi[2]   ; divi[15] ; reloj        ; reloj       ; 1.000        ; 0.000      ; 4.308      ;
; -3.641 ; divi[2]   ; divi[14] ; reloj        ; reloj       ; 1.000        ; 0.000      ; 4.308      ;
; -3.641 ; divi[2]   ; divi[13] ; reloj        ; reloj       ; 1.000        ; 0.000      ; 4.308      ;
; -3.615 ; divi[0]   ; divi[12] ; reloj        ; reloj       ; 1.000        ; 0.000      ; 4.282      ;
; -3.615 ; divi[0]   ; divi[11] ; reloj        ; reloj       ; 1.000        ; 0.000      ; 4.282      ;
; -3.615 ; divi[0]   ; divi[10] ; reloj        ; reloj       ; 1.000        ; 0.000      ; 4.282      ;
; -3.615 ; divi[0]   ; divi[9]  ; reloj        ; reloj       ; 1.000        ; 0.000      ; 4.282      ;
; -3.615 ; divi[0]   ; divi[8]  ; reloj        ; reloj       ; 1.000        ; 0.000      ; 4.282      ;
; -3.602 ; divi[0]   ; divi[15] ; reloj        ; reloj       ; 1.000        ; 0.000      ; 4.269      ;
; -3.602 ; divi[0]   ; divi[14] ; reloj        ; reloj       ; 1.000        ; 0.000      ; 4.269      ;
; -3.602 ; divi[0]   ; divi[13] ; reloj        ; reloj       ; 1.000        ; 0.000      ; 4.269      ;
; -3.595 ; divi[6]   ; divi[12] ; reloj        ; reloj       ; 1.000        ; 0.000      ; 4.262      ;
; -3.595 ; divi[6]   ; divi[11] ; reloj        ; reloj       ; 1.000        ; 0.000      ; 4.262      ;
; -3.595 ; divi[6]   ; divi[10] ; reloj        ; reloj       ; 1.000        ; 0.000      ; 4.262      ;
; -3.595 ; divi[6]   ; divi[9]  ; reloj        ; reloj       ; 1.000        ; 0.000      ; 4.262      ;
; -3.595 ; divi[6]   ; divi[8]  ; reloj        ; reloj       ; 1.000        ; 0.000      ; 4.262      ;
; -3.582 ; divi[6]   ; divi[15] ; reloj        ; reloj       ; 1.000        ; 0.000      ; 4.249      ;
; -3.582 ; divi[6]   ; divi[14] ; reloj        ; reloj       ; 1.000        ; 0.000      ; 4.249      ;
; -3.582 ; divi[6]   ; divi[13] ; reloj        ; reloj       ; 1.000        ; 0.000      ; 4.249      ;
; -3.496 ; divi[5]   ; divi[12] ; reloj        ; reloj       ; 1.000        ; 0.000      ; 4.163      ;
; -3.496 ; divi[5]   ; divi[11] ; reloj        ; reloj       ; 1.000        ; 0.000      ; 4.163      ;
; -3.496 ; divi[5]   ; divi[10] ; reloj        ; reloj       ; 1.000        ; 0.000      ; 4.163      ;
; -3.496 ; divi[5]   ; divi[9]  ; reloj        ; reloj       ; 1.000        ; 0.000      ; 4.163      ;
; -3.496 ; divi[5]   ; divi[8]  ; reloj        ; reloj       ; 1.000        ; 0.000      ; 4.163      ;
; -3.483 ; divi[5]   ; divi[15] ; reloj        ; reloj       ; 1.000        ; 0.000      ; 4.150      ;
; -3.483 ; divi[5]   ; divi[14] ; reloj        ; reloj       ; 1.000        ; 0.000      ; 4.150      ;
; -3.483 ; divi[5]   ; divi[13] ; reloj        ; reloj       ; 1.000        ; 0.000      ; 4.150      ;
; -3.353 ; divi[8]   ; divi[15] ; reloj        ; reloj       ; 1.000        ; 0.000      ; 4.020      ;
; -3.353 ; divi[8]   ; divi[14] ; reloj        ; reloj       ; 1.000        ; 0.000      ; 4.020      ;
; -3.353 ; divi[8]   ; divi[13] ; reloj        ; reloj       ; 1.000        ; 0.000      ; 4.020      ;
; -3.344 ; divi[7]   ; divi[12] ; reloj        ; reloj       ; 1.000        ; 0.000      ; 4.011      ;
; -3.344 ; divi[7]   ; divi[11] ; reloj        ; reloj       ; 1.000        ; 0.000      ; 4.011      ;
; -3.344 ; divi[7]   ; divi[10] ; reloj        ; reloj       ; 1.000        ; 0.000      ; 4.011      ;
; -3.344 ; divi[7]   ; divi[9]  ; reloj        ; reloj       ; 1.000        ; 0.000      ; 4.011      ;
; -3.344 ; divi[7]   ; divi[8]  ; reloj        ; reloj       ; 1.000        ; 0.000      ; 4.011      ;
; -3.331 ; divi[7]   ; divi[15] ; reloj        ; reloj       ; 1.000        ; 0.000      ; 3.998      ;
; -3.331 ; divi[7]   ; divi[14] ; reloj        ; reloj       ; 1.000        ; 0.000      ; 3.998      ;
; -3.331 ; divi[7]   ; divi[13] ; reloj        ; reloj       ; 1.000        ; 0.000      ; 3.998      ;
; -3.231 ; divi[9]   ; divi[15] ; reloj        ; reloj       ; 1.000        ; 0.000      ; 3.898      ;
; -3.231 ; divi[9]   ; divi[14] ; reloj        ; reloj       ; 1.000        ; 0.000      ; 3.898      ;
; -3.231 ; divi[9]   ; divi[13] ; reloj        ; reloj       ; 1.000        ; 0.000      ; 3.898      ;
; -3.198 ; divi[1]   ; divi[7]  ; reloj        ; reloj       ; 1.000        ; 0.000      ; 3.865      ;
; -3.198 ; divi[1]   ; divi[6]  ; reloj        ; reloj       ; 1.000        ; 0.000      ; 3.865      ;
; -3.198 ; divi[1]   ; divi[5]  ; reloj        ; reloj       ; 1.000        ; 0.000      ; 3.865      ;
; -3.198 ; divi[1]   ; divi[4]  ; reloj        ; reloj       ; 1.000        ; 0.000      ; 3.865      ;
; -3.198 ; divi[1]   ; divi[3]  ; reloj        ; reloj       ; 1.000        ; 0.000      ; 3.865      ;
; -3.189 ; divi[11]  ; divi[15] ; reloj        ; reloj       ; 1.000        ; 0.000      ; 3.856      ;
; -3.189 ; divi[11]  ; divi[14] ; reloj        ; reloj       ; 1.000        ; 0.000      ; 3.856      ;
; -3.189 ; divi[11]  ; divi[13] ; reloj        ; reloj       ; 1.000        ; 0.000      ; 3.856      ;
; -3.109 ; divi[3]   ; divi[7]  ; reloj        ; reloj       ; 1.000        ; 0.000      ; 3.776      ;
; -3.108 ; divi[10]  ; divi[15] ; reloj        ; reloj       ; 1.000        ; 0.000      ; 3.775      ;
; -3.108 ; divi[10]  ; divi[14] ; reloj        ; reloj       ; 1.000        ; 0.000      ; 3.775      ;
; -3.108 ; divi[10]  ; divi[13] ; reloj        ; reloj       ; 1.000        ; 0.000      ; 3.775      ;
; -3.046 ; divi[12]  ; divi[15] ; reloj        ; reloj       ; 1.000        ; 0.000      ; 3.713      ;
; -3.046 ; divi[12]  ; divi[14] ; reloj        ; reloj       ; 1.000        ; 0.000      ; 3.713      ;
; -3.046 ; divi[12]  ; divi[13] ; reloj        ; reloj       ; 1.000        ; 0.000      ; 3.713      ;
; -3.046 ; divi[2]   ; divi[7]  ; reloj        ; reloj       ; 1.000        ; 0.000      ; 3.713      ;
; -3.046 ; divi[2]   ; divi[6]  ; reloj        ; reloj       ; 1.000        ; 0.000      ; 3.713      ;
; -3.046 ; divi[2]   ; divi[5]  ; reloj        ; reloj       ; 1.000        ; 0.000      ; 3.713      ;
; -3.046 ; divi[2]   ; divi[4]  ; reloj        ; reloj       ; 1.000        ; 0.000      ; 3.713      ;
; -3.046 ; divi[2]   ; divi[3]  ; reloj        ; reloj       ; 1.000        ; 0.000      ; 3.713      ;
; -3.007 ; divi[0]   ; divi[7]  ; reloj        ; reloj       ; 1.000        ; 0.000      ; 3.674      ;
; -3.007 ; divi[0]   ; divi[6]  ; reloj        ; reloj       ; 1.000        ; 0.000      ; 3.674      ;
; -3.007 ; divi[0]   ; divi[5]  ; reloj        ; reloj       ; 1.000        ; 0.000      ; 3.674      ;
; -3.007 ; divi[0]   ; divi[4]  ; reloj        ; reloj       ; 1.000        ; 0.000      ; 3.674      ;
; -3.007 ; divi[0]   ; divi[3]  ; reloj        ; reloj       ; 1.000        ; 0.000      ; 3.674      ;
; -2.987 ; divi[4]   ; divi[7]  ; reloj        ; reloj       ; 1.000        ; 0.000      ; 3.654      ;
; -2.986 ; divi[3]   ; divi[6]  ; reloj        ; reloj       ; 1.000        ; 0.000      ; 3.653      ;
; -2.886 ; divi[8]   ; divi[12] ; reloj        ; reloj       ; 1.000        ; 0.000      ; 3.553      ;
; -2.864 ; divi[4]   ; divi[6]  ; reloj        ; reloj       ; 1.000        ; 0.000      ; 3.531      ;
; -2.863 ; divi[13]  ; divi[15] ; reloj        ; reloj       ; 1.000        ; 0.000      ; 3.530      ;
+--------+-----------+----------+--------------+-------------+--------------+------------+------------+


+-----------------------------------------------------------------------------------------------------+
; Hold: 'reloj'                                                                                       ;
+--------+-----------+----------+--------------+-------------+--------------+------------+------------+
; Slack  ; From Node ; To Node  ; Launch Clock ; Latch Clock ; Relationship ; Clock Skew ; Data Delay ;
+--------+-----------+----------+--------------+-------------+--------------+------------+------------+
; -1.717 ; divi[15]  ; divi[15] ; divi[15]     ; reloj       ; 0.000        ; 3.458      ; 2.338      ;
; -1.217 ; divi[15]  ; divi[15] ; divi[15]     ; reloj       ; -0.500       ; 3.458      ; 2.338      ;
; 1.668  ; divi[0]   ; divi[0]  ; reloj        ; reloj       ; 0.000        ; 0.000      ; 1.889      ;
; 2.108  ; divi[5]   ; divi[5]  ; reloj        ; reloj       ; 0.000        ; 0.000      ; 2.329      ;
; 2.116  ; divi[8]   ; divi[8]  ; reloj        ; reloj       ; 0.000        ; 0.000      ; 2.337      ;
; 2.117  ; divi[10]  ; divi[10] ; reloj        ; reloj       ; 0.000        ; 0.000      ; 2.338      ;
; 2.117  ; divi[9]   ; divi[9]  ; reloj        ; reloj       ; 0.000        ; 0.000      ; 2.338      ;
; 2.126  ; divi[7]   ; divi[7]  ; reloj        ; reloj       ; 0.000        ; 0.000      ; 2.347      ;
; 2.139  ; divi[0]   ; divi[1]  ; reloj        ; reloj       ; 0.000        ; 0.000      ; 2.360      ;
; 2.212  ; divi[11]  ; divi[11] ; reloj        ; reloj       ; 0.000        ; 0.000      ; 2.433      ;
; 2.221  ; divi[6]   ; divi[6]  ; reloj        ; reloj       ; 0.000        ; 0.000      ; 2.442      ;
; 2.221  ; divi[1]   ; divi[1]  ; reloj        ; reloj       ; 0.000        ; 0.000      ; 2.442      ;
; 2.230  ; divi[13]  ; divi[13] ; reloj        ; reloj       ; 0.000        ; 0.000      ; 2.451      ;
; 2.230  ; divi[3]   ; divi[3]  ; reloj        ; reloj       ; 0.000        ; 0.000      ; 2.451      ;
; 2.231  ; divi[14]  ; divi[14] ; reloj        ; reloj       ; 0.000        ; 0.000      ; 2.452      ;
; 2.231  ; divi[12]  ; divi[12] ; reloj        ; reloj       ; 0.000        ; 0.000      ; 2.452      ;
; 2.231  ; divi[4]   ; divi[4]  ; reloj        ; reloj       ; 0.000        ; 0.000      ; 2.452      ;
; 2.231  ; divi[2]   ; divi[2]  ; reloj        ; reloj       ; 0.000        ; 0.000      ; 2.452      ;
; 2.940  ; divi[5]   ; divi[6]  ; reloj        ; reloj       ; 0.000        ; 0.000      ; 3.161      ;
; 2.948  ; divi[8]   ; divi[9]  ; reloj        ; reloj       ; 0.000        ; 0.000      ; 3.169      ;
; 2.949  ; divi[10]  ; divi[11] ; reloj        ; reloj       ; 0.000        ; 0.000      ; 3.170      ;
; 2.949  ; divi[9]   ; divi[10] ; reloj        ; reloj       ; 0.000        ; 0.000      ; 3.170      ;
; 2.971  ; divi[0]   ; divi[2]  ; reloj        ; reloj       ; 0.000        ; 0.000      ; 3.192      ;
; 3.051  ; divi[5]   ; divi[7]  ; reloj        ; reloj       ; 0.000        ; 0.000      ; 3.272      ;
; 3.059  ; divi[8]   ; divi[10] ; reloj        ; reloj       ; 0.000        ; 0.000      ; 3.280      ;
; 3.060  ; divi[10]  ; divi[12] ; reloj        ; reloj       ; 0.000        ; 0.000      ; 3.281      ;
; 3.060  ; divi[9]   ; divi[11] ; reloj        ; reloj       ; 0.000        ; 0.000      ; 3.281      ;
; 3.152  ; divi[11]  ; divi[12] ; reloj        ; reloj       ; 0.000        ; 0.000      ; 3.373      ;
; 3.161  ; divi[1]   ; divi[2]  ; reloj        ; reloj       ; 0.000        ; 0.000      ; 3.382      ;
; 3.161  ; divi[6]   ; divi[7]  ; reloj        ; reloj       ; 0.000        ; 0.000      ; 3.382      ;
; 3.170  ; divi[13]  ; divi[14] ; reloj        ; reloj       ; 0.000        ; 0.000      ; 3.391      ;
; 3.170  ; divi[3]   ; divi[4]  ; reloj        ; reloj       ; 0.000        ; 0.000      ; 3.391      ;
; 3.170  ; divi[8]   ; divi[11] ; reloj        ; reloj       ; 0.000        ; 0.000      ; 3.391      ;
; 3.171  ; divi[14]  ; divi[15] ; reloj        ; reloj       ; 0.000        ; 0.000      ; 3.392      ;
; 3.171  ; divi[4]   ; divi[5]  ; reloj        ; reloj       ; 0.000        ; 0.000      ; 3.392      ;
; 3.171  ; divi[9]   ; divi[12] ; reloj        ; reloj       ; 0.000        ; 0.000      ; 3.392      ;
; 3.281  ; divi[13]  ; divi[15] ; reloj        ; reloj       ; 0.000        ; 0.000      ; 3.502      ;
; 3.281  ; divi[3]   ; divi[5]  ; reloj        ; reloj       ; 0.000        ; 0.000      ; 3.502      ;
; 3.281  ; divi[8]   ; divi[12] ; reloj        ; reloj       ; 0.000        ; 0.000      ; 3.502      ;
; 3.282  ; divi[4]   ; divi[6]  ; reloj        ; reloj       ; 0.000        ; 0.000      ; 3.503      ;
; 3.392  ; divi[3]   ; divi[6]  ; reloj        ; reloj       ; 0.000        ; 0.000      ; 3.613      ;
; 3.393  ; divi[4]   ; divi[7]  ; reloj        ; reloj       ; 0.000        ; 0.000      ; 3.614      ;
; 3.440  ; divi[0]   ; divi[7]  ; reloj        ; reloj       ; 0.000        ; 0.000      ; 3.661      ;
; 3.440  ; divi[0]   ; divi[6]  ; reloj        ; reloj       ; 0.000        ; 0.000      ; 3.661      ;
; 3.440  ; divi[0]   ; divi[5]  ; reloj        ; reloj       ; 0.000        ; 0.000      ; 3.661      ;
; 3.440  ; divi[0]   ; divi[4]  ; reloj        ; reloj       ; 0.000        ; 0.000      ; 3.661      ;
; 3.440  ; divi[0]   ; divi[3]  ; reloj        ; reloj       ; 0.000        ; 0.000      ; 3.661      ;
; 3.492  ; divi[12]  ; divi[15] ; reloj        ; reloj       ; 0.000        ; 0.000      ; 3.713      ;
; 3.492  ; divi[12]  ; divi[14] ; reloj        ; reloj       ; 0.000        ; 0.000      ; 3.713      ;
; 3.492  ; divi[12]  ; divi[13] ; reloj        ; reloj       ; 0.000        ; 0.000      ; 3.713      ;
; 3.492  ; divi[2]   ; divi[7]  ; reloj        ; reloj       ; 0.000        ; 0.000      ; 3.713      ;
; 3.492  ; divi[2]   ; divi[6]  ; reloj        ; reloj       ; 0.000        ; 0.000      ; 3.713      ;
; 3.492  ; divi[2]   ; divi[5]  ; reloj        ; reloj       ; 0.000        ; 0.000      ; 3.713      ;
; 3.492  ; divi[2]   ; divi[4]  ; reloj        ; reloj       ; 0.000        ; 0.000      ; 3.713      ;
; 3.492  ; divi[2]   ; divi[3]  ; reloj        ; reloj       ; 0.000        ; 0.000      ; 3.713      ;
; 3.503  ; divi[3]   ; divi[7]  ; reloj        ; reloj       ; 0.000        ; 0.000      ; 3.724      ;
; 3.529  ; divi[10]  ; divi[15] ; reloj        ; reloj       ; 0.000        ; 0.000      ; 3.750      ;
; 3.529  ; divi[10]  ; divi[14] ; reloj        ; reloj       ; 0.000        ; 0.000      ; 3.750      ;
; 3.529  ; divi[10]  ; divi[13] ; reloj        ; reloj       ; 0.000        ; 0.000      ; 3.750      ;
; 3.621  ; divi[11]  ; divi[15] ; reloj        ; reloj       ; 0.000        ; 0.000      ; 3.842      ;
; 3.621  ; divi[11]  ; divi[14] ; reloj        ; reloj       ; 0.000        ; 0.000      ; 3.842      ;
; 3.621  ; divi[11]  ; divi[13] ; reloj        ; reloj       ; 0.000        ; 0.000      ; 3.842      ;
; 3.630  ; divi[1]   ; divi[7]  ; reloj        ; reloj       ; 0.000        ; 0.000      ; 3.851      ;
; 3.630  ; divi[1]   ; divi[6]  ; reloj        ; reloj       ; 0.000        ; 0.000      ; 3.851      ;
; 3.630  ; divi[1]   ; divi[5]  ; reloj        ; reloj       ; 0.000        ; 0.000      ; 3.851      ;
; 3.630  ; divi[1]   ; divi[4]  ; reloj        ; reloj       ; 0.000        ; 0.000      ; 3.851      ;
; 3.630  ; divi[1]   ; divi[3]  ; reloj        ; reloj       ; 0.000        ; 0.000      ; 3.851      ;
; 3.640  ; divi[9]   ; divi[15] ; reloj        ; reloj       ; 0.000        ; 0.000      ; 3.861      ;
; 3.640  ; divi[9]   ; divi[14] ; reloj        ; reloj       ; 0.000        ; 0.000      ; 3.861      ;
; 3.640  ; divi[9]   ; divi[13] ; reloj        ; reloj       ; 0.000        ; 0.000      ; 3.861      ;
; 3.750  ; divi[8]   ; divi[15] ; reloj        ; reloj       ; 0.000        ; 0.000      ; 3.971      ;
; 3.750  ; divi[8]   ; divi[14] ; reloj        ; reloj       ; 0.000        ; 0.000      ; 3.971      ;
; 3.750  ; divi[8]   ; divi[13] ; reloj        ; reloj       ; 0.000        ; 0.000      ; 3.971      ;
; 3.777  ; divi[7]   ; divi[15] ; reloj        ; reloj       ; 0.000        ; 0.000      ; 3.998      ;
; 3.777  ; divi[7]   ; divi[14] ; reloj        ; reloj       ; 0.000        ; 0.000      ; 3.998      ;
; 3.777  ; divi[7]   ; divi[13] ; reloj        ; reloj       ; 0.000        ; 0.000      ; 3.998      ;
; 3.790  ; divi[7]   ; divi[12] ; reloj        ; reloj       ; 0.000        ; 0.000      ; 4.011      ;
; 3.790  ; divi[7]   ; divi[11] ; reloj        ; reloj       ; 0.000        ; 0.000      ; 4.011      ;
; 3.790  ; divi[7]   ; divi[10] ; reloj        ; reloj       ; 0.000        ; 0.000      ; 4.011      ;
; 3.790  ; divi[7]   ; divi[9]  ; reloj        ; reloj       ; 0.000        ; 0.000      ; 4.011      ;
; 3.790  ; divi[7]   ; divi[8]  ; reloj        ; reloj       ; 0.000        ; 0.000      ; 4.011      ;
; 3.901  ; divi[5]   ; divi[15] ; reloj        ; reloj       ; 0.000        ; 0.000      ; 4.122      ;
; 3.901  ; divi[5]   ; divi[14] ; reloj        ; reloj       ; 0.000        ; 0.000      ; 4.122      ;
; 3.901  ; divi[5]   ; divi[13] ; reloj        ; reloj       ; 0.000        ; 0.000      ; 4.122      ;
; 3.914  ; divi[5]   ; divi[12] ; reloj        ; reloj       ; 0.000        ; 0.000      ; 4.135      ;
; 3.914  ; divi[5]   ; divi[11] ; reloj        ; reloj       ; 0.000        ; 0.000      ; 4.135      ;
; 3.914  ; divi[5]   ; divi[10] ; reloj        ; reloj       ; 0.000        ; 0.000      ; 4.135      ;
; 3.914  ; divi[5]   ; divi[9]  ; reloj        ; reloj       ; 0.000        ; 0.000      ; 4.135      ;
; 3.914  ; divi[5]   ; divi[8]  ; reloj        ; reloj       ; 0.000        ; 0.000      ; 4.135      ;
; 4.011  ; divi[6]   ; divi[15] ; reloj        ; reloj       ; 0.000        ; 0.000      ; 4.232      ;
; 4.011  ; divi[6]   ; divi[14] ; reloj        ; reloj       ; 0.000        ; 0.000      ; 4.232      ;
; 4.011  ; divi[6]   ; divi[13] ; reloj        ; reloj       ; 0.000        ; 0.000      ; 4.232      ;
; 4.024  ; divi[6]   ; divi[12] ; reloj        ; reloj       ; 0.000        ; 0.000      ; 4.245      ;
; 4.024  ; divi[6]   ; divi[11] ; reloj        ; reloj       ; 0.000        ; 0.000      ; 4.245      ;
; 4.024  ; divi[6]   ; divi[10] ; reloj        ; reloj       ; 0.000        ; 0.000      ; 4.245      ;
; 4.024  ; divi[6]   ; divi[9]  ; reloj        ; reloj       ; 0.000        ; 0.000      ; 4.245      ;
; 4.024  ; divi[6]   ; divi[8]  ; reloj        ; reloj       ; 0.000        ; 0.000      ; 4.245      ;
; 4.035  ; divi[0]   ; divi[15] ; reloj        ; reloj       ; 0.000        ; 0.000      ; 4.256      ;
; 4.035  ; divi[0]   ; divi[14] ; reloj        ; reloj       ; 0.000        ; 0.000      ; 4.256      ;
; 4.035  ; divi[0]   ; divi[13] ; reloj        ; reloj       ; 0.000        ; 0.000      ; 4.256      ;
+--------+-----------+----------+--------------+-------------+--------------+------------+------------+


+---------------------------------------------------------------------------------------------------------+
; Hold: 'divi[15]'                                                                                        ;
+-------+-------------+-------------+--------------+-------------+--------------+------------+------------+
; Slack ; From Node   ; To Node     ; Launch Clock ; Latch Clock ; Relationship ; Clock Skew ; Data Delay ;
+-------+-------------+-------------+--------------+-------------+--------------+------------+------------+
; 2.066 ; Q2[0]~reg0  ; Q2[2]~reg0  ; divi[15]     ; divi[15]    ; 0.000        ; 0.000      ; 2.287      ;
; 2.143 ; Q3[2]~reg0  ; Q3[2]~reg0  ; divi[15]     ; divi[15]    ; 0.000        ; 0.000      ; 2.364      ;
; 2.145 ; Q3[4]~reg0  ; Q3[4]~reg0  ; divi[15]     ; divi[15]    ; 0.000        ; 0.000      ; 2.366      ;
; 2.151 ; Q2[2]~reg0  ; Q2[2]~reg0  ; divi[15]     ; divi[15]    ; 0.000        ; 0.000      ; 2.372      ;
; 2.174 ; Q1[1]~reg0  ; Q1[1]~reg0  ; divi[15]     ; divi[15]    ; 0.000        ; 0.000      ; 2.395      ;
; 2.241 ; Q3[3]~reg0  ; Q3[3]~reg0  ; divi[15]     ; divi[15]    ; 0.000        ; 0.000      ; 2.462      ;
; 2.249 ; Q3[10]~reg0 ; Q3[10]~reg0 ; divi[15]     ; divi[15]    ; 0.000        ; 0.000      ; 2.470      ;
; 2.251 ; Q3[9]~reg0  ; Q3[9]~reg0  ; divi[15]     ; divi[15]    ; 0.000        ; 0.000      ; 2.472      ;
; 2.259 ; Q3[1]~reg0  ; Q3[1]~reg0  ; divi[15]     ; divi[15]    ; 0.000        ; 0.000      ; 2.480      ;
; 2.259 ; Q3[0]~reg0  ; Q3[0]~reg0  ; divi[15]     ; divi[15]    ; 0.000        ; 0.000      ; 2.480      ;
; 2.273 ; Q1[2]~reg0  ; Q1[2]~reg0  ; divi[15]     ; divi[15]    ; 0.000        ; 0.000      ; 2.494      ;
; 2.402 ; Q1[0]~reg0  ; Q1[0]~reg0  ; divi[15]     ; divi[15]    ; 0.000        ; 0.000      ; 2.623      ;
; 2.508 ; Q3[5]~reg0  ; Q3[5]~reg0  ; divi[15]     ; divi[15]    ; 0.000        ; 0.000      ; 2.729      ;
; 2.531 ; Q3[6]~reg0  ; Q3[6]~reg0  ; divi[15]     ; divi[15]    ; 0.000        ; 0.000      ; 2.752      ;
; 2.534 ; Q2[0]~reg0  ; Q2[0]~reg0  ; divi[15]     ; divi[15]    ; 0.000        ; 0.000      ; 2.755      ;
; 2.620 ; Q3[8]~reg0  ; Q3[8]~reg0  ; divi[15]     ; divi[15]    ; 0.000        ; 0.000      ; 2.841      ;
; 2.624 ; Q2[0]~reg0  ; Q2[1]~reg0  ; divi[15]     ; divi[15]    ; 0.000        ; 0.000      ; 2.845      ;
; 2.634 ; Q3[7]~reg0  ; Q3[7]~reg0  ; divi[15]     ; divi[15]    ; 0.000        ; 0.000      ; 2.855      ;
; 2.845 ; Q2[1]~reg0  ; Q2[2]~reg0  ; divi[15]     ; divi[15]    ; 0.000        ; 0.000      ; 3.066      ;
; 2.905 ; Q1[2]~reg0  ; Q1[0]~reg0  ; divi[15]     ; divi[15]    ; 0.000        ; 0.000      ; 3.126      ;
; 2.921 ; Q1[1]~reg0  ; Q1[2]~reg0  ; divi[15]     ; divi[15]    ; 0.000        ; 0.000      ; 3.142      ;
; 2.975 ; Q3[2]~reg0  ; Q3[3]~reg0  ; divi[15]     ; divi[15]    ; 0.000        ; 0.000      ; 3.196      ;
; 3.086 ; Q3[2]~reg0  ; Q3[4]~reg0  ; divi[15]     ; divi[15]    ; 0.000        ; 0.000      ; 3.307      ;
; 3.181 ; Q3[3]~reg0  ; Q3[4]~reg0  ; divi[15]     ; divi[15]    ; 0.000        ; 0.000      ; 3.402      ;
; 3.199 ; Q3[1]~reg0  ; Q3[2]~reg0  ; divi[15]     ; divi[15]    ; 0.000        ; 0.000      ; 3.420      ;
; 3.199 ; Q3[0]~reg0  ; Q3[1]~reg0  ; divi[15]     ; divi[15]    ; 0.000        ; 0.000      ; 3.420      ;
; 3.252 ; Q2[1]~reg0  ; Q2[1]~reg0  ; divi[15]     ; divi[15]    ; 0.000        ; 0.000      ; 3.473      ;
; 3.310 ; Q3[1]~reg0  ; Q3[3]~reg0  ; divi[15]     ; divi[15]    ; 0.000        ; 0.000      ; 3.531      ;
; 3.310 ; Q3[0]~reg0  ; Q3[2]~reg0  ; divi[15]     ; divi[15]    ; 0.000        ; 0.000      ; 3.531      ;
; 3.313 ; Q1[2]~reg0  ; Q1[1]~reg0  ; divi[15]     ; divi[15]    ; 0.000        ; 0.000      ; 3.534      ;
; 3.314 ; Q1[0]~reg0  ; Q1[1]~reg0  ; divi[15]     ; divi[15]    ; 0.000        ; 0.000      ; 3.535      ;
; 3.331 ; Q3[0]~reg0  ; Q2[1]~reg0  ; divi[15]     ; divi[15]    ; 0.000        ; 0.000      ; 3.552      ;
; 3.340 ; Q3[5]~reg0  ; Q3[6]~reg0  ; divi[15]     ; divi[15]    ; 0.000        ; 0.000      ; 3.561      ;
; 3.363 ; Q3[6]~reg0  ; Q3[7]~reg0  ; divi[15]     ; divi[15]    ; 0.000        ; 0.000      ; 3.584      ;
; 3.421 ; Q3[1]~reg0  ; Q3[4]~reg0  ; divi[15]     ; divi[15]    ; 0.000        ; 0.000      ; 3.642      ;
; 3.421 ; Q3[0]~reg0  ; Q3[3]~reg0  ; divi[15]     ; divi[15]    ; 0.000        ; 0.000      ; 3.642      ;
; 3.429 ; Q1[0]~reg0  ; Q1[2]~reg0  ; divi[15]     ; divi[15]    ; 0.000        ; 0.000      ; 3.650      ;
; 3.451 ; Q3[5]~reg0  ; Q3[7]~reg0  ; divi[15]     ; divi[15]    ; 0.000        ; 0.000      ; 3.672      ;
; 3.474 ; Q3[6]~reg0  ; Q3[8]~reg0  ; divi[15]     ; divi[15]    ; 0.000        ; 0.000      ; 3.695      ;
; 3.512 ; Q3[9]~reg0  ; Q3[10]~reg0 ; divi[15]     ; divi[15]    ; 0.000        ; 0.000      ; 3.733      ;
; 3.519 ; Q1[1]~reg0  ; Q1[0]~reg0  ; divi[15]     ; divi[15]    ; 0.000        ; 0.000      ; 3.740      ;
; 3.532 ; Q3[0]~reg0  ; Q3[4]~reg0  ; divi[15]     ; divi[15]    ; 0.000        ; 0.000      ; 3.753      ;
; 3.560 ; Q3[8]~reg0  ; Q3[9]~reg0  ; divi[15]     ; divi[15]    ; 0.000        ; 0.000      ; 3.781      ;
; 3.562 ; Q3[5]~reg0  ; Q3[8]~reg0  ; divi[15]     ; divi[15]    ; 0.000        ; 0.000      ; 3.783      ;
; 3.574 ; Q3[7]~reg0  ; Q3[8]~reg0  ; divi[15]     ; divi[15]    ; 0.000        ; 0.000      ; 3.795      ;
; 3.585 ; Q3[6]~reg0  ; Q3[9]~reg0  ; divi[15]     ; divi[15]    ; 0.000        ; 0.000      ; 3.806      ;
; 3.673 ; Q3[5]~reg0  ; Q3[9]~reg0  ; divi[15]     ; divi[15]    ; 0.000        ; 0.000      ; 3.894      ;
; 3.685 ; Q3[7]~reg0  ; Q3[9]~reg0  ; divi[15]     ; divi[15]    ; 0.000        ; 0.000      ; 3.906      ;
; 3.796 ; Q3[4]~reg0  ; Q3[10]~reg0 ; divi[15]     ; divi[15]    ; 0.000        ; 0.000      ; 4.017      ;
; 3.809 ; Q3[4]~reg0  ; Q3[9]~reg0  ; divi[15]     ; divi[15]    ; 0.000        ; 0.000      ; 4.030      ;
; 3.809 ; Q3[4]~reg0  ; Q3[8]~reg0  ; divi[15]     ; divi[15]    ; 0.000        ; 0.000      ; 4.030      ;
; 3.809 ; Q3[4]~reg0  ; Q3[7]~reg0  ; divi[15]     ; divi[15]    ; 0.000        ; 0.000      ; 4.030      ;
; 3.809 ; Q3[4]~reg0  ; Q3[6]~reg0  ; divi[15]     ; divi[15]    ; 0.000        ; 0.000      ; 4.030      ;
; 3.809 ; Q3[4]~reg0  ; Q3[5]~reg0  ; divi[15]     ; divi[15]    ; 0.000        ; 0.000      ; 4.030      ;
; 3.936 ; Q3[2]~reg0  ; Q3[10]~reg0 ; divi[15]     ; divi[15]    ; 0.000        ; 0.000      ; 4.157      ;
; 3.949 ; Q3[2]~reg0  ; Q3[9]~reg0  ; divi[15]     ; divi[15]    ; 0.000        ; 0.000      ; 4.170      ;
; 3.949 ; Q3[2]~reg0  ; Q3[8]~reg0  ; divi[15]     ; divi[15]    ; 0.000        ; 0.000      ; 4.170      ;
; 3.949 ; Q3[2]~reg0  ; Q3[7]~reg0  ; divi[15]     ; divi[15]    ; 0.000        ; 0.000      ; 4.170      ;
; 3.949 ; Q3[2]~reg0  ; Q3[6]~reg0  ; divi[15]     ; divi[15]    ; 0.000        ; 0.000      ; 4.170      ;
; 3.949 ; Q3[2]~reg0  ; Q3[5]~reg0  ; divi[15]     ; divi[15]    ; 0.000        ; 0.000      ; 4.170      ;
; 4.029 ; Q3[8]~reg0  ; Q3[10]~reg0 ; divi[15]     ; divi[15]    ; 0.000        ; 0.000      ; 4.250      ;
; 4.031 ; Q3[3]~reg0  ; Q3[10]~reg0 ; divi[15]     ; divi[15]    ; 0.000        ; 0.000      ; 4.252      ;
; 4.044 ; Q3[3]~reg0  ; Q3[9]~reg0  ; divi[15]     ; divi[15]    ; 0.000        ; 0.000      ; 4.265      ;
; 4.044 ; Q3[3]~reg0  ; Q3[8]~reg0  ; divi[15]     ; divi[15]    ; 0.000        ; 0.000      ; 4.265      ;
; 4.044 ; Q3[3]~reg0  ; Q3[7]~reg0  ; divi[15]     ; divi[15]    ; 0.000        ; 0.000      ; 4.265      ;
; 4.044 ; Q3[3]~reg0  ; Q3[6]~reg0  ; divi[15]     ; divi[15]    ; 0.000        ; 0.000      ; 4.265      ;
; 4.044 ; Q3[3]~reg0  ; Q3[5]~reg0  ; divi[15]     ; divi[15]    ; 0.000        ; 0.000      ; 4.265      ;
; 4.054 ; Q3[6]~reg0  ; Q3[10]~reg0 ; divi[15]     ; divi[15]    ; 0.000        ; 0.000      ; 4.275      ;
; 4.096 ; Q3[4]~reg0  ; Q2[1]~reg0  ; divi[15]     ; divi[15]    ; 0.000        ; 0.000      ; 4.317      ;
; 4.117 ; Q3[0]~reg0  ; Q1[1]~reg0  ; divi[15]     ; divi[15]    ; 0.000        ; 0.000      ; 4.338      ;
; 4.142 ; Q3[5]~reg0  ; Q3[10]~reg0 ; divi[15]     ; divi[15]    ; 0.000        ; 0.000      ; 4.363      ;
; 4.154 ; Q3[7]~reg0  ; Q3[10]~reg0 ; divi[15]     ; divi[15]    ; 0.000        ; 0.000      ; 4.375      ;
; 4.271 ; Q3[1]~reg0  ; Q3[10]~reg0 ; divi[15]     ; divi[15]    ; 0.000        ; 0.000      ; 4.492      ;
; 4.284 ; Q3[1]~reg0  ; Q3[9]~reg0  ; divi[15]     ; divi[15]    ; 0.000        ; 0.000      ; 4.505      ;
; 4.284 ; Q3[1]~reg0  ; Q3[8]~reg0  ; divi[15]     ; divi[15]    ; 0.000        ; 0.000      ; 4.505      ;
; 4.284 ; Q3[1]~reg0  ; Q3[7]~reg0  ; divi[15]     ; divi[15]    ; 0.000        ; 0.000      ; 4.505      ;
; 4.284 ; Q3[1]~reg0  ; Q3[6]~reg0  ; divi[15]     ; divi[15]    ; 0.000        ; 0.000      ; 4.505      ;
; 4.284 ; Q3[1]~reg0  ; Q3[5]~reg0  ; divi[15]     ; divi[15]    ; 0.000        ; 0.000      ; 4.505      ;
; 4.315 ; Q3[10]~reg0 ; Q2[1]~reg0  ; divi[15]     ; divi[15]    ; 0.000        ; 0.000      ; 4.536      ;
; 4.336 ; Q3[0]~reg0  ; Q1[0]~reg0  ; divi[15]     ; divi[15]    ; 0.000        ; 0.000      ; 4.557      ;
; 4.338 ; Q3[0]~reg0  ; Q1[2]~reg0  ; divi[15]     ; divi[15]    ; 0.000        ; 0.000      ; 4.559      ;
; 4.382 ; Q3[0]~reg0  ; Q3[10]~reg0 ; divi[15]     ; divi[15]    ; 0.000        ; 0.000      ; 4.603      ;
; 4.395 ; Q3[0]~reg0  ; Q3[9]~reg0  ; divi[15]     ; divi[15]    ; 0.000        ; 0.000      ; 4.616      ;
; 4.395 ; Q3[0]~reg0  ; Q3[8]~reg0  ; divi[15]     ; divi[15]    ; 0.000        ; 0.000      ; 4.616      ;
; 4.395 ; Q3[0]~reg0  ; Q3[7]~reg0  ; divi[15]     ; divi[15]    ; 0.000        ; 0.000      ; 4.616      ;
; 4.395 ; Q3[0]~reg0  ; Q3[6]~reg0  ; divi[15]     ; divi[15]    ; 0.000        ; 0.000      ; 4.616      ;
; 4.395 ; Q3[0]~reg0  ; Q3[5]~reg0  ; divi[15]     ; divi[15]    ; 0.000        ; 0.000      ; 4.616      ;
; 4.437 ; Q3[7]~reg0  ; Q2[1]~reg0  ; divi[15]     ; divi[15]    ; 0.000        ; 0.000      ; 4.658      ;
; 4.467 ; Q3[1]~reg0  ; Q2[1]~reg0  ; divi[15]     ; divi[15]    ; 0.000        ; 0.000      ; 4.688      ;
; 4.529 ; Q3[0]~reg0  ; Q2[2]~reg0  ; divi[15]     ; divi[15]    ; 0.000        ; 0.000      ; 4.750      ;
; 4.636 ; Q3[2]~reg0  ; Q2[1]~reg0  ; divi[15]     ; divi[15]    ; 0.000        ; 0.000      ; 4.857      ;
; 4.654 ; Q3[9]~reg0  ; Q2[1]~reg0  ; divi[15]     ; divi[15]    ; 0.000        ; 0.000      ; 4.875      ;
; 4.783 ; Q3[3]~reg0  ; Q2[1]~reg0  ; divi[15]     ; divi[15]    ; 0.000        ; 0.000      ; 5.004      ;
; 4.785 ; Q3[5]~reg0  ; Q2[1]~reg0  ; divi[15]     ; divi[15]    ; 0.000        ; 0.000      ; 5.006      ;
; 4.843 ; Q2[2]~reg0  ; Q2[1]~reg0  ; divi[15]     ; divi[15]    ; 0.000        ; 0.000      ; 5.064      ;
; 4.882 ; Q3[4]~reg0  ; Q1[1]~reg0  ; divi[15]     ; divi[15]    ; 0.000        ; 0.000      ; 5.103      ;
; 4.975 ; Q3[6]~reg0  ; Q2[1]~reg0  ; divi[15]     ; divi[15]    ; 0.000        ; 0.000      ; 5.196      ;
; 5.101 ; Q3[10]~reg0 ; Q1[1]~reg0  ; divi[15]     ; divi[15]    ; 0.000        ; 0.000      ; 5.322      ;
; 5.101 ; Q3[4]~reg0  ; Q1[0]~reg0  ; divi[15]     ; divi[15]    ; 0.000        ; 0.000      ; 5.322      ;
; 5.103 ; Q3[4]~reg0  ; Q1[2]~reg0  ; divi[15]     ; divi[15]    ; 0.000        ; 0.000      ; 5.324      ;
+-------+-------------+-------------+--------------+-------------+--------------+------------+------------+


+------------------------------------------------------------------------------------------------+
; Minimum Pulse Width: 'reloj'                                                                   ;
+--------+--------------+----------------+------------------+-------+------------+---------------+
; Slack  ; Actual Width ; Required Width ; Type             ; Clock ; Clock Edge ; Target        ;
+--------+--------------+----------------+------------------+-------+------------+---------------+
; -2.289 ; 1.000        ; 3.289          ; Port Rate        ; reloj ; Rise       ; reloj         ;
; 0.234  ; 0.500        ; 0.266          ; High Pulse Width ; reloj ; Rise       ; divi[0]       ;
; 0.234  ; 0.500        ; 0.266          ; Low Pulse Width  ; reloj ; Rise       ; divi[0]       ;
; 0.234  ; 0.500        ; 0.266          ; High Pulse Width ; reloj ; Rise       ; divi[10]      ;
; 0.234  ; 0.500        ; 0.266          ; Low Pulse Width  ; reloj ; Rise       ; divi[10]      ;
; 0.234  ; 0.500        ; 0.266          ; High Pulse Width ; reloj ; Rise       ; divi[11]      ;
; 0.234  ; 0.500        ; 0.266          ; Low Pulse Width  ; reloj ; Rise       ; divi[11]      ;
; 0.234  ; 0.500        ; 0.266          ; High Pulse Width ; reloj ; Rise       ; divi[12]      ;
; 0.234  ; 0.500        ; 0.266          ; Low Pulse Width  ; reloj ; Rise       ; divi[12]      ;
; 0.234  ; 0.500        ; 0.266          ; High Pulse Width ; reloj ; Rise       ; divi[13]      ;
; 0.234  ; 0.500        ; 0.266          ; Low Pulse Width  ; reloj ; Rise       ; divi[13]      ;
; 0.234  ; 0.500        ; 0.266          ; High Pulse Width ; reloj ; Rise       ; divi[14]      ;
; 0.234  ; 0.500        ; 0.266          ; Low Pulse Width  ; reloj ; Rise       ; divi[14]      ;
; 0.234  ; 0.500        ; 0.266          ; High Pulse Width ; reloj ; Rise       ; divi[15]      ;
; 0.234  ; 0.500        ; 0.266          ; Low Pulse Width  ; reloj ; Rise       ; divi[15]      ;
; 0.234  ; 0.500        ; 0.266          ; High Pulse Width ; reloj ; Rise       ; divi[1]       ;
; 0.234  ; 0.500        ; 0.266          ; Low Pulse Width  ; reloj ; Rise       ; divi[1]       ;
; 0.234  ; 0.500        ; 0.266          ; High Pulse Width ; reloj ; Rise       ; divi[2]       ;
; 0.234  ; 0.500        ; 0.266          ; Low Pulse Width  ; reloj ; Rise       ; divi[2]       ;
; 0.234  ; 0.500        ; 0.266          ; High Pulse Width ; reloj ; Rise       ; divi[3]       ;
; 0.234  ; 0.500        ; 0.266          ; Low Pulse Width  ; reloj ; Rise       ; divi[3]       ;
; 0.234  ; 0.500        ; 0.266          ; High Pulse Width ; reloj ; Rise       ; divi[4]       ;
; 0.234  ; 0.500        ; 0.266          ; Low Pulse Width  ; reloj ; Rise       ; divi[4]       ;
; 0.234  ; 0.500        ; 0.266          ; High Pulse Width ; reloj ; Rise       ; divi[5]       ;
; 0.234  ; 0.500        ; 0.266          ; Low Pulse Width  ; reloj ; Rise       ; divi[5]       ;
; 0.234  ; 0.500        ; 0.266          ; High Pulse Width ; reloj ; Rise       ; divi[6]       ;
; 0.234  ; 0.500        ; 0.266          ; Low Pulse Width  ; reloj ; Rise       ; divi[6]       ;
; 0.234  ; 0.500        ; 0.266          ; High Pulse Width ; reloj ; Rise       ; divi[7]       ;
; 0.234  ; 0.500        ; 0.266          ; Low Pulse Width  ; reloj ; Rise       ; divi[7]       ;
; 0.234  ; 0.500        ; 0.266          ; High Pulse Width ; reloj ; Rise       ; divi[8]       ;
; 0.234  ; 0.500        ; 0.266          ; Low Pulse Width  ; reloj ; Rise       ; divi[8]       ;
; 0.234  ; 0.500        ; 0.266          ; High Pulse Width ; reloj ; Rise       ; divi[9]       ;
; 0.234  ; 0.500        ; 0.266          ; Low Pulse Width  ; reloj ; Rise       ; divi[9]       ;
; 0.500  ; 0.500        ; 0.000          ; High Pulse Width ; reloj ; Rise       ; divi[0]|clk   ;
; 0.500  ; 0.500        ; 0.000          ; Low Pulse Width  ; reloj ; Rise       ; divi[0]|clk   ;
; 0.500  ; 0.500        ; 0.000          ; High Pulse Width ; reloj ; Rise       ; divi[10]|clk  ;
; 0.500  ; 0.500        ; 0.000          ; Low Pulse Width  ; reloj ; Rise       ; divi[10]|clk  ;
; 0.500  ; 0.500        ; 0.000          ; High Pulse Width ; reloj ; Rise       ; divi[11]|clk  ;
; 0.500  ; 0.500        ; 0.000          ; Low Pulse Width  ; reloj ; Rise       ; divi[11]|clk  ;
; 0.500  ; 0.500        ; 0.000          ; High Pulse Width ; reloj ; Rise       ; divi[12]|clk  ;
; 0.500  ; 0.500        ; 0.000          ; Low Pulse Width  ; reloj ; Rise       ; divi[12]|clk  ;
; 0.500  ; 0.500        ; 0.000          ; High Pulse Width ; reloj ; Rise       ; divi[13]|clk  ;
; 0.500  ; 0.500        ; 0.000          ; Low Pulse Width  ; reloj ; Rise       ; divi[13]|clk  ;
; 0.500  ; 0.500        ; 0.000          ; High Pulse Width ; reloj ; Rise       ; divi[14]|clk  ;
; 0.500  ; 0.500        ; 0.000          ; Low Pulse Width  ; reloj ; Rise       ; divi[14]|clk  ;
; 0.500  ; 0.500        ; 0.000          ; High Pulse Width ; reloj ; Rise       ; divi[15]|clk  ;
; 0.500  ; 0.500        ; 0.000          ; Low Pulse Width  ; reloj ; Rise       ; divi[15]|clk  ;
; 0.500  ; 0.500        ; 0.000          ; High Pulse Width ; reloj ; Rise       ; divi[1]|clk   ;
; 0.500  ; 0.500        ; 0.000          ; Low Pulse Width  ; reloj ; Rise       ; divi[1]|clk   ;
; 0.500  ; 0.500        ; 0.000          ; High Pulse Width ; reloj ; Rise       ; divi[2]|clk   ;
; 0.500  ; 0.500        ; 0.000          ; Low Pulse Width  ; reloj ; Rise       ; divi[2]|clk   ;
; 0.500  ; 0.500        ; 0.000          ; High Pulse Width ; reloj ; Rise       ; divi[3]|clk   ;
; 0.500  ; 0.500        ; 0.000          ; Low Pulse Width  ; reloj ; Rise       ; divi[3]|clk   ;
; 0.500  ; 0.500        ; 0.000          ; High Pulse Width ; reloj ; Rise       ; divi[4]|clk   ;
; 0.500  ; 0.500        ; 0.000          ; Low Pulse Width  ; reloj ; Rise       ; divi[4]|clk   ;
; 0.500  ; 0.500        ; 0.000          ; High Pulse Width ; reloj ; Rise       ; divi[5]|clk   ;
; 0.500  ; 0.500        ; 0.000          ; Low Pulse Width  ; reloj ; Rise       ; divi[5]|clk   ;
; 0.500  ; 0.500        ; 0.000          ; High Pulse Width ; reloj ; Rise       ; divi[6]|clk   ;
; 0.500  ; 0.500        ; 0.000          ; Low Pulse Width  ; reloj ; Rise       ; divi[6]|clk   ;
; 0.500  ; 0.500        ; 0.000          ; High Pulse Width ; reloj ; Rise       ; divi[7]|clk   ;
; 0.500  ; 0.500        ; 0.000          ; Low Pulse Width  ; reloj ; Rise       ; divi[7]|clk   ;
; 0.500  ; 0.500        ; 0.000          ; High Pulse Width ; reloj ; Rise       ; divi[8]|clk   ;
; 0.500  ; 0.500        ; 0.000          ; Low Pulse Width  ; reloj ; Rise       ; divi[8]|clk   ;
; 0.500  ; 0.500        ; 0.000          ; High Pulse Width ; reloj ; Rise       ; divi[9]|clk   ;
; 0.500  ; 0.500        ; 0.000          ; Low Pulse Width  ; reloj ; Rise       ; divi[9]|clk   ;
; 0.500  ; 0.500        ; 0.000          ; High Pulse Width ; reloj ; Rise       ; reloj|combout ;
; 0.500  ; 0.500        ; 0.000          ; Low Pulse Width  ; reloj ; Rise       ; reloj|combout ;
+--------+--------------+----------------+------------------+-------+------------+---------------+


+----------------------------------------------------------------------------------------------------+
; Minimum Pulse Width: 'divi[15]'                                                                    ;
+-------+--------------+----------------+------------------+----------+------------+-----------------+
; Slack ; Actual Width ; Required Width ; Type             ; Clock    ; Clock Edge ; Target          ;
+-------+--------------+----------------+------------------+----------+------------+-----------------+
; 0.234 ; 0.500        ; 0.266          ; High Pulse Width ; divi[15] ; Rise       ; Q1[0]~reg0      ;
; 0.234 ; 0.500        ; 0.266          ; Low Pulse Width  ; divi[15] ; Rise       ; Q1[0]~reg0      ;
; 0.234 ; 0.500        ; 0.266          ; High Pulse Width ; divi[15] ; Rise       ; Q1[1]~reg0      ;
; 0.234 ; 0.500        ; 0.266          ; Low Pulse Width  ; divi[15] ; Rise       ; Q1[1]~reg0      ;
; 0.234 ; 0.500        ; 0.266          ; High Pulse Width ; divi[15] ; Rise       ; Q1[2]~reg0      ;
; 0.234 ; 0.500        ; 0.266          ; Low Pulse Width  ; divi[15] ; Rise       ; Q1[2]~reg0      ;
; 0.234 ; 0.500        ; 0.266          ; High Pulse Width ; divi[15] ; Rise       ; Q2[0]~reg0      ;
; 0.234 ; 0.500        ; 0.266          ; Low Pulse Width  ; divi[15] ; Rise       ; Q2[0]~reg0      ;
; 0.234 ; 0.500        ; 0.266          ; High Pulse Width ; divi[15] ; Rise       ; Q2[1]~reg0      ;
; 0.234 ; 0.500        ; 0.266          ; Low Pulse Width  ; divi[15] ; Rise       ; Q2[1]~reg0      ;
; 0.234 ; 0.500        ; 0.266          ; High Pulse Width ; divi[15] ; Rise       ; Q2[2]~reg0      ;
; 0.234 ; 0.500        ; 0.266          ; Low Pulse Width  ; divi[15] ; Rise       ; Q2[2]~reg0      ;
; 0.234 ; 0.500        ; 0.266          ; High Pulse Width ; divi[15] ; Rise       ; Q3[0]~reg0      ;
; 0.234 ; 0.500        ; 0.266          ; Low Pulse Width  ; divi[15] ; Rise       ; Q3[0]~reg0      ;
; 0.234 ; 0.500        ; 0.266          ; High Pulse Width ; divi[15] ; Rise       ; Q3[10]~reg0     ;
; 0.234 ; 0.500        ; 0.266          ; Low Pulse Width  ; divi[15] ; Rise       ; Q3[10]~reg0     ;
; 0.234 ; 0.500        ; 0.266          ; High Pulse Width ; divi[15] ; Rise       ; Q3[1]~reg0      ;
; 0.234 ; 0.500        ; 0.266          ; Low Pulse Width  ; divi[15] ; Rise       ; Q3[1]~reg0      ;
; 0.234 ; 0.500        ; 0.266          ; High Pulse Width ; divi[15] ; Rise       ; Q3[2]~reg0      ;
; 0.234 ; 0.500        ; 0.266          ; Low Pulse Width  ; divi[15] ; Rise       ; Q3[2]~reg0      ;
; 0.234 ; 0.500        ; 0.266          ; High Pulse Width ; divi[15] ; Rise       ; Q3[3]~reg0      ;
; 0.234 ; 0.500        ; 0.266          ; Low Pulse Width  ; divi[15] ; Rise       ; Q3[3]~reg0      ;
; 0.234 ; 0.500        ; 0.266          ; High Pulse Width ; divi[15] ; Rise       ; Q3[4]~reg0      ;
; 0.234 ; 0.500        ; 0.266          ; Low Pulse Width  ; divi[15] ; Rise       ; Q3[4]~reg0      ;
; 0.234 ; 0.500        ; 0.266          ; High Pulse Width ; divi[15] ; Rise       ; Q3[5]~reg0      ;
; 0.234 ; 0.500        ; 0.266          ; Low Pulse Width  ; divi[15] ; Rise       ; Q3[5]~reg0      ;
; 0.234 ; 0.500        ; 0.266          ; High Pulse Width ; divi[15] ; Rise       ; Q3[6]~reg0      ;
; 0.234 ; 0.500        ; 0.266          ; Low Pulse Width  ; divi[15] ; Rise       ; Q3[6]~reg0      ;
; 0.234 ; 0.500        ; 0.266          ; High Pulse Width ; divi[15] ; Rise       ; Q3[7]~reg0      ;
; 0.234 ; 0.500        ; 0.266          ; Low Pulse Width  ; divi[15] ; Rise       ; Q3[7]~reg0      ;
; 0.234 ; 0.500        ; 0.266          ; High Pulse Width ; divi[15] ; Rise       ; Q3[8]~reg0      ;
; 0.234 ; 0.500        ; 0.266          ; Low Pulse Width  ; divi[15] ; Rise       ; Q3[8]~reg0      ;
; 0.234 ; 0.500        ; 0.266          ; High Pulse Width ; divi[15] ; Rise       ; Q3[9]~reg0      ;
; 0.234 ; 0.500        ; 0.266          ; Low Pulse Width  ; divi[15] ; Rise       ; Q3[9]~reg0      ;
; 0.500 ; 0.500        ; 0.000          ; High Pulse Width ; divi[15] ; Rise       ; Q1[0]~reg0|clk  ;
; 0.500 ; 0.500        ; 0.000          ; Low Pulse Width  ; divi[15] ; Rise       ; Q1[0]~reg0|clk  ;
; 0.500 ; 0.500        ; 0.000          ; High Pulse Width ; divi[15] ; Rise       ; Q1[1]~reg0|clk  ;
; 0.500 ; 0.500        ; 0.000          ; Low Pulse Width  ; divi[15] ; Rise       ; Q1[1]~reg0|clk  ;
; 0.500 ; 0.500        ; 0.000          ; High Pulse Width ; divi[15] ; Rise       ; Q1[2]~reg0|clk  ;
; 0.500 ; 0.500        ; 0.000          ; Low Pulse Width  ; divi[15] ; Rise       ; Q1[2]~reg0|clk  ;
; 0.500 ; 0.500        ; 0.000          ; High Pulse Width ; divi[15] ; Rise       ; Q2[0]~reg0|clk  ;
; 0.500 ; 0.500        ; 0.000          ; Low Pulse Width  ; divi[15] ; Rise       ; Q2[0]~reg0|clk  ;
; 0.500 ; 0.500        ; 0.000          ; High Pulse Width ; divi[15] ; Rise       ; Q2[1]~reg0|clk  ;
; 0.500 ; 0.500        ; 0.000          ; Low Pulse Width  ; divi[15] ; Rise       ; Q2[1]~reg0|clk  ;
; 0.500 ; 0.500        ; 0.000          ; High Pulse Width ; divi[15] ; Rise       ; Q2[2]~reg0|clk  ;
; 0.500 ; 0.500        ; 0.000          ; Low Pulse Width  ; divi[15] ; Rise       ; Q2[2]~reg0|clk  ;
; 0.500 ; 0.500        ; 0.000          ; High Pulse Width ; divi[15] ; Rise       ; Q3[0]~reg0|clk  ;
; 0.500 ; 0.500        ; 0.000          ; Low Pulse Width  ; divi[15] ; Rise       ; Q3[0]~reg0|clk  ;
; 0.500 ; 0.500        ; 0.000          ; High Pulse Width ; divi[15] ; Rise       ; Q3[10]~reg0|clk ;
; 0.500 ; 0.500        ; 0.000          ; Low Pulse Width  ; divi[15] ; Rise       ; Q3[10]~reg0|clk ;
; 0.500 ; 0.500        ; 0.000          ; High Pulse Width ; divi[15] ; Rise       ; Q3[1]~reg0|clk  ;
; 0.500 ; 0.500        ; 0.000          ; Low Pulse Width  ; divi[15] ; Rise       ; Q3[1]~reg0|clk  ;
; 0.500 ; 0.500        ; 0.000          ; High Pulse Width ; divi[15] ; Rise       ; Q3[2]~reg0|clk  ;
; 0.500 ; 0.500        ; 0.000          ; Low Pulse Width  ; divi[15] ; Rise       ; Q3[2]~reg0|clk  ;
; 0.500 ; 0.500        ; 0.000          ; High Pulse Width ; divi[15] ; Rise       ; Q3[3]~reg0|clk  ;
; 0.500 ; 0.500        ; 0.000          ; Low Pulse Width  ; divi[15] ; Rise       ; Q3[3]~reg0|clk  ;
; 0.500 ; 0.500        ; 0.000          ; High Pulse Width ; divi[15] ; Rise       ; Q3[4]~reg0|clk  ;
; 0.500 ; 0.500        ; 0.000          ; Low Pulse Width  ; divi[15] ; Rise       ; Q3[4]~reg0|clk  ;
; 0.500 ; 0.500        ; 0.000          ; High Pulse Width ; divi[15] ; Rise       ; Q3[5]~reg0|clk  ;
; 0.500 ; 0.500        ; 0.000          ; Low Pulse Width  ; divi[15] ; Rise       ; Q3[5]~reg0|clk  ;
; 0.500 ; 0.500        ; 0.000          ; High Pulse Width ; divi[15] ; Rise       ; Q3[6]~reg0|clk  ;
; 0.500 ; 0.500        ; 0.000          ; Low Pulse Width  ; divi[15] ; Rise       ; Q3[6]~reg0|clk  ;
; 0.500 ; 0.500        ; 0.000          ; High Pulse Width ; divi[15] ; Rise       ; Q3[7]~reg0|clk  ;
; 0.500 ; 0.500        ; 0.000          ; Low Pulse Width  ; divi[15] ; Rise       ; Q3[7]~reg0|clk  ;
; 0.500 ; 0.500        ; 0.000          ; High Pulse Width ; divi[15] ; Rise       ; Q3[8]~reg0|clk  ;
; 0.500 ; 0.500        ; 0.000          ; Low Pulse Width  ; divi[15] ; Rise       ; Q3[8]~reg0|clk  ;
; 0.500 ; 0.500        ; 0.000          ; High Pulse Width ; divi[15] ; Rise       ; Q3[9]~reg0|clk  ;
; 0.500 ; 0.500        ; 0.000          ; Low Pulse Width  ; divi[15] ; Rise       ; Q3[9]~reg0|clk  ;
; 0.500 ; 0.500        ; 0.000          ; High Pulse Width ; divi[15] ; Rise       ; divi[15]|regout ;
; 0.500 ; 0.500        ; 0.000          ; Low Pulse Width  ; divi[15] ; Rise       ; divi[15]|regout ;
+-------+--------------+----------------+------------------+----------+------------+-----------------+


+-----------------------------------------------------------------------+
; Setup Times                                                           ;
+-----------+------------+-------+-------+------------+-----------------+
; Data Port ; Clock Port ; Rise  ; Fall  ; Clock Edge ; Clock Reference ;
+-----------+------------+-------+-------+------------+-----------------+
; reset     ; divi[15]   ; 5.439 ; 5.439 ; Rise       ; divi[15]        ;
+-----------+------------+-------+-------+------------+-----------------+


+-------------------------------------------------------------------------+
; Hold Times                                                              ;
+-----------+------------+--------+--------+------------+-----------------+
; Data Port ; Clock Port ; Rise   ; Fall   ; Clock Edge ; Clock Reference ;
+-----------+------------+--------+--------+------------+-----------------+
; reset     ; divi[15]   ; -2.131 ; -2.131 ; Rise       ; divi[15]        ;
+-----------+------------+--------+--------+------------+-----------------+


+-------------------------------------------------------------------------+
; Clock to Output Times                                                   ;
+-----------+------------+--------+--------+------------+-----------------+
; Data Port ; Clock Port ; Rise   ; Fall   ; Clock Edge ; Clock Reference ;
+-----------+------------+--------+--------+------------+-----------------+
; COL[*]    ; divi[15]   ; 17.863 ; 17.863 ; Rise       ; divi[15]        ;
;  COL[1]   ; divi[15]   ; 12.967 ; 12.967 ; Rise       ; divi[15]        ;
;  COL[2]   ; divi[15]   ; 17.863 ; 17.863 ; Rise       ; divi[15]        ;
;  COL[3]   ; divi[15]   ; 16.367 ; 16.367 ; Rise       ; divi[15]        ;
;  COL[4]   ; divi[15]   ; 16.419 ; 16.419 ; Rise       ; divi[15]        ;
;  COL[5]   ; divi[15]   ; 15.530 ; 15.530 ; Rise       ; divi[15]        ;
;  COL[6]   ; divi[15]   ; 16.391 ; 16.391 ; Rise       ; divi[15]        ;
; Q1[*]     ; divi[15]   ; 8.829  ; 8.829  ; Rise       ; divi[15]        ;
;  Q1[0]    ; divi[15]   ; 8.708  ; 8.708  ; Rise       ; divi[15]        ;
;  Q1[1]    ; divi[15]   ; 8.829  ; 8.829  ; Rise       ; divi[15]        ;
;  Q1[2]    ; divi[15]   ; 8.677  ; 8.677  ; Rise       ; divi[15]        ;
; Q2[*]     ; divi[15]   ; 9.642  ; 9.642  ; Rise       ; divi[15]        ;
;  Q2[0]    ; divi[15]   ; 9.642  ; 9.642  ; Rise       ; divi[15]        ;
;  Q2[1]    ; divi[15]   ; 8.885  ; 8.885  ; Rise       ; divi[15]        ;
;  Q2[2]    ; divi[15]   ; 7.641  ; 7.641  ; Rise       ; divi[15]        ;
; Q3[*]     ; divi[15]   ; 9.987  ; 9.987  ; Rise       ; divi[15]        ;
;  Q3[0]    ; divi[15]   ; 7.594  ; 7.594  ; Rise       ; divi[15]        ;
;  Q3[1]    ; divi[15]   ; 9.245  ; 9.245  ; Rise       ; divi[15]        ;
;  Q3[2]    ; divi[15]   ; 8.678  ; 8.678  ; Rise       ; divi[15]        ;
;  Q3[3]    ; divi[15]   ; 8.799  ; 8.799  ; Rise       ; divi[15]        ;
;  Q3[4]    ; divi[15]   ; 8.683  ; 8.683  ; Rise       ; divi[15]        ;
;  Q3[5]    ; divi[15]   ; 8.674  ; 8.674  ; Rise       ; divi[15]        ;
;  Q3[6]    ; divi[15]   ; 9.104  ; 9.104  ; Rise       ; divi[15]        ;
;  Q3[7]    ; divi[15]   ; 9.987  ; 9.987  ; Rise       ; divi[15]        ;
;  Q3[8]    ; divi[15]   ; 9.101  ; 9.101  ; Rise       ; divi[15]        ;
;  Q3[9]    ; divi[15]   ; 9.969  ; 9.969  ; Rise       ; divi[15]        ;
;  Q3[10]   ; divi[15]   ; 8.941  ; 8.941  ; Rise       ; divi[15]        ;
; REN[*]    ; divi[15]   ; 12.899 ; 12.899 ; Rise       ; divi[15]        ;
;  REN[0]   ; divi[15]   ; 11.458 ; 11.458 ; Rise       ; divi[15]        ;
;  REN[1]   ; divi[15]   ; 12.133 ; 12.133 ; Rise       ; divi[15]        ;
;  REN[2]   ; divi[15]   ; 12.889 ; 12.889 ; Rise       ; divi[15]        ;
;  REN[3]   ; divi[15]   ; 12.755 ; 12.755 ; Rise       ; divi[15]        ;
;  REN[4]   ; divi[15]   ; 12.899 ; 12.899 ; Rise       ; divi[15]        ;
;  REN[5]   ; divi[15]   ; 11.486 ; 11.486 ; Rise       ; divi[15]        ;
;  REN[6]   ; divi[15]   ; 12.748 ; 12.748 ; Rise       ; divi[15]        ;
;  REN[7]   ; divi[15]   ; 12.744 ; 12.744 ; Rise       ; divi[15]        ;
+-----------+------------+--------+--------+------------+-----------------+


+-------------------------------------------------------------------------+
; Minimum Clock to Output Times                                           ;
+-----------+------------+--------+--------+------------+-----------------+
; Data Port ; Clock Port ; Rise   ; Fall   ; Clock Edge ; Clock Reference ;
+-----------+------------+--------+--------+------------+-----------------+
; COL[*]    ; divi[15]   ; 10.598 ; 10.598 ; Rise       ; divi[15]        ;
;  COL[1]   ; divi[15]   ; 10.598 ; 10.598 ; Rise       ; divi[15]        ;
;  COL[2]   ; divi[15]   ; 11.939 ; 11.939 ; Rise       ; divi[15]        ;
;  COL[3]   ; divi[15]   ; 11.973 ; 11.973 ; Rise       ; divi[15]        ;
;  COL[4]   ; divi[15]   ; 12.709 ; 12.709 ; Rise       ; divi[15]        ;
;  COL[5]   ; divi[15]   ; 12.124 ; 12.124 ; Rise       ; divi[15]        ;
;  COL[6]   ; divi[15]   ; 12.573 ; 12.573 ; Rise       ; divi[15]        ;
; Q1[*]     ; divi[15]   ; 8.677  ; 8.677  ; Rise       ; divi[15]        ;
;  Q1[0]    ; divi[15]   ; 8.708  ; 8.708  ; Rise       ; divi[15]        ;
;  Q1[1]    ; divi[15]   ; 8.829  ; 8.829  ; Rise       ; divi[15]        ;
;  Q1[2]    ; divi[15]   ; 8.677  ; 8.677  ; Rise       ; divi[15]        ;
; Q2[*]     ; divi[15]   ; 7.641  ; 7.641  ; Rise       ; divi[15]        ;
;  Q2[0]    ; divi[15]   ; 9.642  ; 9.642  ; Rise       ; divi[15]        ;
;  Q2[1]    ; divi[15]   ; 8.885  ; 8.885  ; Rise       ; divi[15]        ;
;  Q2[2]    ; divi[15]   ; 7.641  ; 7.641  ; Rise       ; divi[15]        ;
; Q3[*]     ; divi[15]   ; 7.594  ; 7.594  ; Rise       ; divi[15]        ;
;  Q3[0]    ; divi[15]   ; 7.594  ; 7.594  ; Rise       ; divi[15]        ;
;  Q3[1]    ; divi[15]   ; 9.245  ; 9.245  ; Rise       ; divi[15]        ;
;  Q3[2]    ; divi[15]   ; 8.678  ; 8.678  ; Rise       ; divi[15]        ;
;  Q3[3]    ; divi[15]   ; 8.799  ; 8.799  ; Rise       ; divi[15]        ;
;  Q3[4]    ; divi[15]   ; 8.683  ; 8.683  ; Rise       ; divi[15]        ;
;  Q3[5]    ; divi[15]   ; 8.674  ; 8.674  ; Rise       ; divi[15]        ;
;  Q3[6]    ; divi[15]   ; 9.104  ; 9.104  ; Rise       ; divi[15]        ;
;  Q3[7]    ; divi[15]   ; 9.987  ; 9.987  ; Rise       ; divi[15]        ;
;  Q3[8]    ; divi[15]   ; 9.101  ; 9.101  ; Rise       ; divi[15]        ;
;  Q3[9]    ; divi[15]   ; 9.969  ; 9.969  ; Rise       ; divi[15]        ;
;  Q3[10]   ; divi[15]   ; 8.941  ; 8.941  ; Rise       ; divi[15]        ;
; REN[*]    ; divi[15]   ; 9.934  ; 9.934  ; Rise       ; divi[15]        ;
;  REN[0]   ; divi[15]   ; 11.023 ; 11.023 ; Rise       ; divi[15]        ;
;  REN[1]   ; divi[15]   ; 10.579 ; 10.579 ; Rise       ; divi[15]        ;
;  REN[2]   ; divi[15]   ; 11.229 ; 11.229 ; Rise       ; divi[15]        ;
;  REN[3]   ; divi[15]   ; 11.095 ; 11.095 ; Rise       ; divi[15]        ;
;  REN[4]   ; divi[15]   ; 11.243 ; 11.243 ; Rise       ; divi[15]        ;
;  REN[5]   ; divi[15]   ; 9.934  ; 9.934  ; Rise       ; divi[15]        ;
;  REN[6]   ; divi[15]   ; 11.091 ; 11.091 ; Rise       ; divi[15]        ;
;  REN[7]   ; divi[15]   ; 11.088 ; 11.088 ; Rise       ; divi[15]        ;
+-----------+------------+--------+--------+------------+-----------------+


+-------------------------------------------------------------------+
; Setup Transfers                                                   ;
+------------+----------+----------+----------+----------+----------+
; From Clock ; To Clock ; RR Paths ; FR Paths ; RF Paths ; FF Paths ;
+------------+----------+----------+----------+----------+----------+
; divi[15]   ; divi[15] ; 384      ; 0        ; 0        ; 0        ;
; divi[15]   ; reloj    ; 1        ; 1        ; 0        ; 0        ;
; reloj      ; reloj    ; 230      ; 0        ; 0        ; 0        ;
+------------+----------+----------+----------+----------+----------+
Entries labeled "false path" only account for clock-to-clock false paths and not path-based false paths. As a result, actual path counts may be lower than reported.


+-------------------------------------------------------------------+
; Hold Transfers                                                    ;
+------------+----------+----------+----------+----------+----------+
; From Clock ; To Clock ; RR Paths ; FR Paths ; RF Paths ; FF Paths ;
+------------+----------+----------+----------+----------+----------+
; divi[15]   ; divi[15] ; 384      ; 0        ; 0        ; 0        ;
; divi[15]   ; reloj    ; 1        ; 1        ; 0        ; 0        ;
; reloj      ; reloj    ; 230      ; 0        ; 0        ; 0        ;
+------------+----------+----------+----------+----------+----------+
Entries labeled "false path" only account for clock-to-clock false paths and not path-based false paths. As a result, actual path counts may be lower than reported.


---------------
; Report TCCS ;
---------------
No dedicated SERDES Transmitter circuitry present in device or used in design


---------------
; Report RSKM ;
---------------
No dedicated SERDES Receiver circuitry present in device or used in design


+------------------------------------------------+
; Unconstrained Paths                            ;
+---------------------------------+-------+------+
; Property                        ; Setup ; Hold ;
+---------------------------------+-------+------+
; Illegal Clocks                  ; 0     ; 0    ;
; Unconstrained Clocks            ; 0     ; 0    ;
; Unconstrained Input Ports       ; 1     ; 1    ;
; Unconstrained Input Port Paths  ; 17    ; 17   ;
; Unconstrained Output Ports      ; 31    ; 31   ;
; Unconstrained Output Port Paths ; 77    ; 77   ;
+---------------------------------+-------+------+


+------------------------------------+
; TimeQuest Timing Analyzer Messages ;
+------------------------------------+
Info: *******************************************************************
Info: Running Quartus II 64-Bit TimeQuest Timing Analyzer
    Info: Version 13.0.1 Build 232 06/12/2013 Service Pack 1 SJ Web Edition
    Info: Processing started: Tue Oct 09 17:30:26 2018
Info: Command: quartus_sta DSD_matriz -c DSD_matriz
Info: qsta_default_script.tcl version: #1
Warning (20028): Parallel compilation is not licensed and has been disabled
Info (21077): Low junction temperature is 0 degrees C
Info (21077): High junction temperature is 85 degrees C
Info (306004): Started post-fitting delay annotation
Info (306005): Delay annotation completed successfully
Critical Warning (332012): Synopsys Design Constraints File file not found: 'DSD_matriz.sdc'. A Synopsys Design Constraints File is required by the TimeQuest Timing Analyzer to get proper timing constraints. Without it, the Compiler will not properly optimize the design.
Info (332142): No user constrained base clocks found in the design. Calling "derive_clocks -period 1.0"
Info (332105): Deriving Clocks
    Info (332105): create_clock -period 1.000 -name divi[15] divi[15]
    Info (332105): create_clock -period 1.000 -name reloj reloj
Info: Found TIMEQUEST_REPORT_SCRIPT_INCLUDE_DEFAULT_ANALYSIS = ON
Critical Warning (332148): Timing requirements not met
Info (332146): Worst-case setup slack is -6.672
    Info (332119):     Slack End Point TNS Clock 
    Info (332119): ========= ============= =====================
    Info (332119):    -6.672      -102.341 divi[15] 
    Info (332119):    -3.973       -53.463 reloj 
Info (332146): Worst-case hold slack is -1.717
    Info (332119):     Slack End Point TNS Clock 
    Info (332119): ========= ============= =====================
    Info (332119):    -1.717        -1.717 reloj 
    Info (332119):     2.066         0.000 divi[15] 
Info (332140): No Recovery paths to report
Info (332140): No Removal paths to report
Info (332146): Worst-case minimum pulse width slack is -2.289
    Info (332119):     Slack End Point TNS Clock 
    Info (332119): ========= ============= =====================
    Info (332119):    -2.289        -2.289 reloj 
    Info (332119):     0.234         0.000 divi[15] 
Info (332001): The selected device family is not supported by the report_metastability command.
Info (332102): Design is not fully constrained for setup requirements
Info (332102): Design is not fully constrained for hold requirements
Info: Quartus II 64-Bit TimeQuest Timing Analyzer was successful. 0 errors, 3 warnings
    Info: Peak virtual memory: 4543 megabytes
    Info: Processing ended: Tue Oct 09 17:30:28 2018
    Info: Elapsed time: 00:00:02
    Info: Total CPU time (on all processors): 00:00:02


